Archive member included to satisfy reference by file (symbol)

d:/programmi/stm32cubeide_1.9.0/stm32cubeide/plugins/com.st.stm32cube.ide.mcu.externaltools.gnu-tools-for-stm32.10.3-2021.10.win32_1.0.0.202111181127/tools/bin/../lib/gcc/arm-none-eabi/10.3.1/../../../../arm-none-eabi/lib/thumb/v7e-m+fp/hard\libc_nano.a(lib_a-errno.o)
                              ./SW4STM32/syscalls.o (__errno)
d:/programmi/stm32cubeide_1.9.0/stm32cubeide/plugins/com.st.stm32cube.ide.mcu.externaltools.gnu-tools-for-stm32.10.3-2021.10.win32_1.0.0.202111181127/tools/bin/../lib/gcc/arm-none-eabi/10.3.1/../../../../arm-none-eabi/lib/thumb/v7e-m+fp/hard\libc_nano.a(lib_a-exit.o)
                              d:/programmi/stm32cubeide_1.9.0/stm32cubeide/plugins/com.st.stm32cube.ide.mcu.externaltools.gnu-tools-for-stm32.10.3-2021.10.win32_1.0.0.202111181127/tools/bin/../lib/gcc/arm-none-eabi/10.3.1/../../../../arm-none-eabi/lib/thumb/v7e-m+fp/hard/crt0.o (exit)
d:/programmi/stm32cubeide_1.9.0/stm32cubeide/plugins/com.st.stm32cube.ide.mcu.externaltools.gnu-tools-for-stm32.10.3-2021.10.win32_1.0.0.202111181127/tools/bin/../lib/gcc/arm-none-eabi/10.3.1/../../../../arm-none-eabi/lib/thumb/v7e-m+fp/hard\libc_nano.a(lib_a-impure.o)
                              d:/programmi/stm32cubeide_1.9.0/stm32cubeide/plugins/com.st.stm32cube.ide.mcu.externaltools.gnu-tools-for-stm32.10.3-2021.10.win32_1.0.0.202111181127/tools/bin/../lib/gcc/arm-none-eabi/10.3.1/../../../../arm-none-eabi/lib/thumb/v7e-m+fp/hard\libc_nano.a(lib_a-exit.o) (_global_impure_ptr)
d:/programmi/stm32cubeide_1.9.0/stm32cubeide/plugins/com.st.stm32cube.ide.mcu.externaltools.gnu-tools-for-stm32.10.3-2021.10.win32_1.0.0.202111181127/tools/bin/../lib/gcc/arm-none-eabi/10.3.1/../../../../arm-none-eabi/lib/thumb/v7e-m+fp/hard\libc_nano.a(lib_a-init.o)
                              d:/programmi/stm32cubeide_1.9.0/stm32cubeide/plugins/com.st.stm32cube.ide.mcu.externaltools.gnu-tools-for-stm32.10.3-2021.10.win32_1.0.0.202111181127/tools/bin/../lib/gcc/arm-none-eabi/10.3.1/../../../../arm-none-eabi/lib/thumb/v7e-m+fp/hard/crt0.o (__libc_init_array)
d:/programmi/stm32cubeide_1.9.0/stm32cubeide/plugins/com.st.stm32cube.ide.mcu.externaltools.gnu-tools-for-stm32.10.3-2021.10.win32_1.0.0.202111181127/tools/bin/../lib/gcc/arm-none-eabi/10.3.1/../../../../arm-none-eabi/lib/thumb/v7e-m+fp/hard\libc_nano.a(lib_a-memcpy-stub.o)
                              ./Application/WIFI/es_wifi.o (memcpy)
d:/programmi/stm32cubeide_1.9.0/stm32cubeide/plugins/com.st.stm32cube.ide.mcu.externaltools.gnu-tools-for-stm32.10.3-2021.10.win32_1.0.0.202111181127/tools/bin/../lib/gcc/arm-none-eabi/10.3.1/../../../../arm-none-eabi/lib/thumb/v7e-m+fp/hard\libc_nano.a(lib_a-memset.o)
                              d:/programmi/stm32cubeide_1.9.0/stm32cubeide/plugins/com.st.stm32cube.ide.mcu.externaltools.gnu-tools-for-stm32.10.3-2021.10.win32_1.0.0.202111181127/tools/bin/../lib/gcc/arm-none-eabi/10.3.1/../../../../arm-none-eabi/lib/thumb/v7e-m+fp/hard/crt0.o (memset)
d:/programmi/stm32cubeide_1.9.0/stm32cubeide/plugins/com.st.stm32cube.ide.mcu.externaltools.gnu-tools-for-stm32.10.3-2021.10.win32_1.0.0.202111181127/tools/bin/../lib/gcc/arm-none-eabi/10.3.1/../../../../arm-none-eabi/lib/thumb/v7e-m+fp/hard\libc_nano.a(lib_a-printf.o)
                              ./Application/User/main.o (printf)
d:/programmi/stm32cubeide_1.9.0/stm32cubeide/plugins/com.st.stm32cube.ide.mcu.externaltools.gnu-tools-for-stm32.10.3-2021.10.win32_1.0.0.202111181127/tools/bin/../lib/gcc/arm-none-eabi/10.3.1/../../../../arm-none-eabi/lib/thumb/v7e-m+fp/hard\libc_nano.a(lib_a-puts.o)
                              ./Application/User/main.o (puts)
d:/programmi/stm32cubeide_1.9.0/stm32cubeide/plugins/com.st.stm32cube.ide.mcu.externaltools.gnu-tools-for-stm32.10.3-2021.10.win32_1.0.0.202111181127/tools/bin/../lib/gcc/arm-none-eabi/10.3.1/../../../../arm-none-eabi/lib/thumb/v7e-m+fp/hard\libc_nano.a(lib_a-sprintf.o)
                              ./Application/WIFI/es_wifi.o (sprintf)
d:/programmi/stm32cubeide_1.9.0/stm32cubeide/plugins/com.st.stm32cube.ide.mcu.externaltools.gnu-tools-for-stm32.10.3-2021.10.win32_1.0.0.202111181127/tools/bin/../lib/gcc/arm-none-eabi/10.3.1/../../../../arm-none-eabi/lib/thumb/v7e-m+fp/hard\libc_nano.a(lib_a-strcat.o)
                              ./Application/User/main.o (strcat)
d:/programmi/stm32cubeide_1.9.0/stm32cubeide/plugins/com.st.stm32cube.ide.mcu.externaltools.gnu-tools-for-stm32.10.3-2021.10.win32_1.0.0.202111181127/tools/bin/../lib/gcc/arm-none-eabi/10.3.1/../../../../arm-none-eabi/lib/thumb/v7e-m+fp/hard\libc_nano.a(lib_a-strcpy.o)
                              ./Application/User/main.o (strcpy)
d:/programmi/stm32cubeide_1.9.0/stm32cubeide/plugins/com.st.stm32cube.ide.mcu.externaltools.gnu-tools-for-stm32.10.3-2021.10.win32_1.0.0.202111181127/tools/bin/../lib/gcc/arm-none-eabi/10.3.1/../../../../arm-none-eabi/lib/thumb/v7e-m+fp/hard\libc_nano.a(lib_a-strlen.o)
[...]
Memory Configuration

Name             Origin             Length             Attributes
RAM              0x0000000020000000 0x0000000000018000 xrw
RAM2             0x0000000010000000 0x0000000000008000 xrw
FLASH            0x0000000008000000 0x0000000000100000 xr
*default*        0x0000000000000000 0xffffffffffffffff

Linker script and memory map

LOAD d:/programmi/stm32cubeide_1.9.0/stm32cubeide/plugins/com.st.stm32cube.ide.mcu.externaltools.gnu-tools-for-stm32.10.3-2021.10.win32_1.0.0.202111181127/tools/bin/../lib/gcc/arm-none-eabi/10.3.1/thumb/v7e-m+fp/hard/crti.o
LOAD d:/programmi/stm32cubeide_1.9.0/stm32cubeide/plugins/com.st.stm32cube.ide.mcu.externaltools.gnu-tools-for-stm32.10.3-2021.10.win32_1.0.0.202111181127/tools/bin/../lib/gcc/arm-none-eabi/10.3.1/thumb/v7e-m+fp/hard/crtbegin.o
LOAD d:/programmi/stm32cubeide_1.9.0/stm32cubeide/plugins/com.st.stm32cube.ide.mcu.externaltools.gnu-tools-for-stm32.10.3-2021.10.win32_1.0.0.202111181127/tools/bin/../lib/gcc/arm-none-eabi/10.3.1/../../../../arm-none-eabi/lib/thumb/v7e-m+fp/hard/crt0.o
LOAD ./Application/User/main.o
LOAD ./Application/User/stm32l4xx_it.o
LOAD ./Application/WIFI/es_wifi.o
LOAD ./Application/WIFI/es_wifi_io.o
LOAD ./Application/WIFI/wifi.o
LOAD ./Drivers/BSP/B-L475E-IOT01/stm32l475e_iot01.o
LOAD ./Drivers/BSP/B-L475E-IOT01/stm32l475e_iot01_tsensor.o
LOAD ./Drivers/BSP/hts221.o
LOAD ./Drivers/CMSIS/system_stm32l4xx.o
LOAD ./Drivers/STM32L4xx_HAL_Driver/stm32l4xx_hal.o
LOAD ./Drivers/STM32L4xx_HAL_Driver/stm32l4xx_hal_adc.o
LOAD ./Drivers/STM32L4xx_HAL_Driver/stm32l4xx_hal_adc_ex.o
LOAD ./Drivers/STM32L4xx_HAL_Driver/stm32l4xx_hal_cortex.o
LOAD ./Drivers/STM32L4xx_HAL_Driver/stm32l4xx_hal_dma.o
LOAD ./Drivers/STM32L4xx_HAL_Driver/stm32l4xx_hal_gpio.o
LOAD ./Drivers/STM32L4xx_HAL_Driver/stm32l4xx_hal_i2c.o
LOAD ./Drivers/STM32L4xx_HAL_Driver/stm32l4xx_hal_i2c_ex.o
LOAD ./Drivers/STM32L4xx_HAL_Driver/stm32l4xx_hal_pwr.o
LOAD ./Drivers/STM32L4xx_HAL_Driver/stm32l4xx_hal_pwr_ex.o
LOAD ./Drivers/STM32L4xx_HAL_Driver/stm32l4xx_hal_rcc.o
LOAD ./Drivers/STM32L4xx_HAL_Driver/stm32l4xx_hal_rcc_ex.o
LOAD ./Drivers/STM32L4xx_HAL_Driver/stm32l4xx_hal_spi.o
LOAD ./Drivers/STM32L4xx_HAL_Driver/stm32l4xx_hal_spi_ex.o
LOAD ./Drivers/STM32L4xx_HAL_Driver/stm32l4xx_hal_uart.o
LOAD ./Drivers/STM32L4xx_HAL_Driver/stm32l4xx_hal_uart_ex.o
LOAD ./SW4STM32/startup_stm32l475xx.o
LOAD ./SW4STM32/syscalls.o
START GROUP
LOAD d:/programmi/stm32cubeide_1.9.0/stm32cubeide/plugins/com.st.stm32cube.ide.mcu.externaltools.gnu-tools-for-stm32.10.3-2021.10.win32_1.0.0.202111181127/tools/bin/../lib/gcc/arm-none-eabi/10.3.1/../../../../arm-none-eabi/lib/thumb/v7e-m+fp/hard\libc_nano.a
LOAD d:/programmi/stm32cubeide_1.9.0/stm32cubeide/plugins/com.st.stm32cube.ide.mcu.externaltools.gnu-tools-for-stm32.10.3-2021.10.win32_1.0.0.202111181127/tools/bin/../lib/gcc/arm-none-eabi/10.3.1/../../../../arm-none-eabi/lib/thumb/v7e-m+fp/hard\libm.a
END GROUP
START GROUP
LOAD d:/programmi/stm32cubeide_1.9.0/stm32cubeide/plugins/com.st.stm32cube.ide.mcu.externaltools.gnu-tools-for-stm32.10.3-2021.10.win32_1.0.0.202111181127/tools/bin/../lib/gcc/arm-none-eabi/10.3.1/thumb/v7e-m+fp/hard\libgcc.a
LOAD d:/programmi/stm32cubeide_1.9.0/stm32cubeide/plugins/com.st.stm32cube.ide.mcu.externaltools.gnu-tools-for-stm32.10.3-2021.10.win32_1.0.0.202111181127/tools/bin/../lib/gcc/arm-none-eabi/10.3.1/../../../../arm-none-eabi/lib/thumb/v7e-m+fp/hard\libc_nano.a
END GROUP
START GROUP
LOAD d:/programmi/stm32cubeide_1.9.0/stm32cubeide/plugins/com.st.stm32cube.ide.mcu.externaltools.gnu-tools-for-stm32.10.3-2021.10.win32_1.0.0.202111181127/tools/bin/../lib/gcc/arm-none-eabi/10.3.1/thumb/v7e-m+fp/hard\libgcc.a
LOAD d:/programmi/stm32cubeide_1.9.0/stm32cubeide/plugins/com.st.stm32cube.ide.mcu.externaltools.gnu-tools-for-stm32.10.3-2021.10.win32_1.0.0.202111181127/tools/bin/../lib/gcc/arm-none-eabi/10.3.1/../../../../arm-none-eabi/lib/thumb/v7e-m+fp/hard\libc_nano.a
LOAD d:/programmi/stm32cubeide_1.9.0/stm32cubeide/plugins/com.st.stm32cube.ide.mcu.externaltools.gnu-tools-for-stm32.10.3-2021.10.win32_1.0.0.202111181127/tools/bin/../lib/gcc/arm-none-eabi/10.3.1/../../../../arm-none-eabi/lib/thumb/v7e-m+fp/hard\libnosys.a
END GROUP
START GROUP
LOAD d:/programmi/stm32cubeide_1.9.0/stm32cubeide/plugins/com.st.stm32cube.ide.mcu.externaltools.gnu-tools-for-stm32.10.3-2021.10.win32_1.0.0.202111181127/tools/bin/../lib/gcc/arm-none-eabi/10.3.1/thumb/v7e-m+fp/hard\libgcc.a
LOAD d:/programmi/stm32cubeide_1.9.0/stm32cubeide/plugins/com.st.stm32cube.ide.mcu.externaltools.gnu-tools-for-stm32.10.3-2021.10.win32_1.0.0.202111181127/tools/bin/../lib/gcc/arm-none-eabi/10.3.1/../../../../arm-none-eabi/lib/thumb/v7e-m+fp/hard\libc_nano.a
LOAD d:/programmi/stm32cubeide_1.9.0/stm32cubeide/plugins/com.st.stm32cube.ide.mcu.externaltools.gnu-tools-for-stm32.10.3-2021.10.win32_1.0.0.202111181127/tools/bin/../lib/gcc/arm-none-eabi/10.3.1/../../../../arm-none-eabi/lib/thumb/v7e-m+fp/hard\libnosys.a
END GROUP
LOAD d:/programmi/stm32cubeide_1.9.0/stm32cubeide/plugins/com.st.stm32cube.ide.mcu.externaltools.gnu-tools-for-stm32.10.3-2021.10.win32_1.0.0.202111181127/tools/bin/../lib/gcc/arm-none-eabi/10.3.1/thumb/v7e-m+fp/hard/crtend.o
LOAD d:/programmi/stm32cubeide_1.9.0/stm32cubeide/plugins/com.st.stm32cube.ide.mcu.externaltools.gnu-tools-for-stm32.10.3-2021.10.win32_1.0.0.202111181127/tools/bin/../lib/gcc/arm-none-eabi/10.3.1/thumb/v7e-m+fp/hard/crtn.o
                0x0000000020018000                _estack = 0x20018000
                0x0000000000010000                _Min_Heap_Size = 0x10000
                0x0000000000006800                _Min_Stack_Size = 0x6800

.isr_vector     0x0000000008000000      0x188
                0x0000000008000000                . = ALIGN (0x8)
 *(.isr_vector)
 .isr_vector    0x0000000008000000      0x188 ./SW4STM32/startup_stm32l475xx.o
                0x0000000008000000                g_pfnVectors
                0x0000000008000188                . = ALIGN (0x8)

.text           0x0000000008000190     0x5fb0
                0x0000000008000190                . = ALIGN (0x8)
 *(.text)
 .text          0x0000000008000190       0x40 d:/programmi/stm32cubeide_1.9.0/stm32cubeide/plugins/com.st.stm32cube.ide.mcu.externaltools.gnu-tools-for-stm32.10.3-2021.10.win32_1.0.0.202111181127/tools/bin/../lib/gcc/arm-none-eabi/10.3.1/thumb/v7e-m+fp/hard/crtbegin.o
 .text          0x00000000080001d0       0x10 d:/programmi/stm32cubeide_1.9.0/stm32cubeide/plugins/com.st.stm32cube.ide.mcu.externaltools.gnu-tools-for-stm32.10.3-2021.10.win32_1.0.0.202111181127/tools/bin/../lib/gcc/arm-none-eabi/10.3.1/../../../../arm-none-eabi/lib/thumb/v7e-m+fp/hard\libc_nano.a(lib_a-strlen.o)
                0x00000000080001d0                strlen
 .text          0x00000000080001e0       0xa0 d:/programmi/stm32cubeide_1.9.0/stm32cubeide/plugins/com.st.stm32cube.ide.mcu.externaltools.gnu-tools-for-stm32.10.3-2021.10.win32_1.0.0.202111181127/tools/bin/../lib/gcc/arm-none-eabi/10.3.1/../../../../arm-none-eabi/lib/thumb/v7e-m+fp/hard\libc_nano.a(lib_a-memchr.o)
                0x00000000080001e0                memchr
 .text          0x0000000008000280       0x30 d:/programmi/stm32cubeide_1.9.0/stm32cubeide/plugins/com.st.stm32cube.ide.mcu.externaltools.gnu-tools-for-stm32.10.3-2021.10.win32_1.0.0.202111181127/tools/bin/../lib/gcc/arm-none-eabi/10.3.1/thumb/v7e-m+fp/hard\libgcc.a(_aeabi_uldivmod.o)
                0x0000000008000280                __aeabi_uldivmod
 .text          0x00000000080002b0      0x2d0 d:/programmi/stm32cubeide_1.9.0/stm32cubeide/plugins/com.st.stm32cube.ide.mcu.externaltools.gnu-tools-for-stm32.10.3-2021.10.win32_1.0.0.202111181127/tools/bin/../lib/gcc/arm-none-eabi/10.3.1/thumb/v7e-m+fp/hard\libgcc.a(_udivmoddi4.o)
                0x00000000080002b0                __udivmoddi4
 .text          0x0000000008000580        0x4 d:/programmi/stm32cubeide_1.9.0/stm32cubeide/plugins/com.st.stm32cube.ide.mcu.externaltools.gnu-tools-for-stm32.10.3-2021.10.win32_1.0.0.202111181127/tools/bin/../lib/gcc/arm-none-eabi/10.3.1/thumb/v7e-m+fp/hard\libgcc.a(_dvmd_tls.o)
                0x0000000008000580                __aeabi_idiv0
                0x0000000008000580                __aeabi_ldiv0
 *(.text*)
 .text.SendWebPage.constprop.0
                0x0000000008000584      0x104 ./Application/User/main.o
 .text.startup.main
                0x0000000008000688      0x3b4 ./Application/User/main.o
                0x0000000008000688                main
 .text.__io_putchar
                0x0000000008000a3c       0x20 ./Application/User/main.o
                0x0000000008000a3c                __io_putchar
 .text.HAL_GPIO_EXTI_Callback
                0x0000000008000a5c        0xa ./Application/User/main.o
                0x0000000008000a5c                HAL_GPIO_EXTI_Callback
 *fill*         0x0000000008000a66        0x2 
 .text.SPI3_IRQHandler
                0x0000000008000a68        0xc ./Application/User/main.o
                0x0000000008000a68                SPI3_IRQHandler
 .text.NMI_Handler
                0x0000000008000a74        0x2 ./Application/User/stm32l4xx_it.o
                0x0000000008000a74                NMI_Handler
 .text.HardFault_Handler
                0x0000000008000a76        0x2 ./Application/User/stm32l4xx_it.o
                0x0000000008000a76                HardFault_Handler
 .text.MemManage_Handler
                0x0000000008000a78        0x2 ./Application/User/stm32l4xx_it.o
                0x0000000008000a78                MemManage_Handler
 .text.BusFault_Handler
                0x0000000008000a7a        0x2 ./Application/User/stm32l4xx_it.o
                0x0000000008000a7a                BusFault_Handler
 .text.UsageFault_Handler
                0x0000000008000a7c        0x2 ./Application/User/stm32l4xx_it.o
                0x0000000008000a7c                UsageFault_Handler
 .text.SVC_Handler
                0x0000000008000a7e        0x2 ./Application/User/stm32l4xx_it.o
                0x0000000008000a7e                SVC_Handler
 .text.DebugMon_Handler
                0x0000000008000a80        0x2 ./Application/User/stm32l4xx_it.o
                0x0000000008000a80                DebugMon_Handler
 .text.PendSV_Handler
                0x0000000008000a82        0x2 ./Application/User/stm32l4xx_it.o
                0x0000000008000a82                PendSV_Handler
 .text.SysTick_Handler
                0x0000000008000a84        0x4 ./Application/User/stm32l4xx_it.o
                0x0000000008000a84                SysTick_Handler
 .text.EXTI1_IRQHandler
                0x0000000008000a88        0x6 ./Application/User/stm32l4xx_it.o
                0x0000000008000a88                EXTI1_IRQHandler
 .text.ParseNumber
                0x0000000008000a8e       0x38 ./Application/WIFI/es_wifi.o
 .text.ParseIP  0x0000000008000ac6       0x32 ./Application/WIFI/es_wifi.o
 .text.AT_ExecuteCommand
                0x0000000008000af8       0x78 ./Application/WIFI/es_wifi.o
 .text.AT_RequestSendData
                0x0000000008000b70       0x90 ./Application/WIFI/es_wifi.o
 .text.AT_RequestReceiveData
                0x0000000008000c00       0xa4 ./Application/WIFI/es_wifi.o
 .text.ParseMAC
                0x0000000008000ca4       0x66 ./Application/WIFI/es_wifi.o
 *fill*         0x0000000008000d0a        0x2 
 .text.ES_WIFI_Init
                0x0000000008000d0c       0xc4 ./Application/WIFI/es_wifi.o
                0x0000000008000d0c                ES_WIFI_Init
 .text.ES_WIFI_RegisterBusIO
                0x0000000008000dd0       0x24 ./Application/WIFI/es_wifi.o
                0x0000000008000dd0                ES_WIFI_RegisterBusIO
 .text.ES_WIFI_Connect
                0x0000000008000df4       0x80 ./Application/WIFI/es_wifi.o
                0x0000000008000df4                ES_WIFI_Connect
 .text.ES_WIFI_IsConnected
                0x0000000008000e74       0x38 ./Application/WIFI/es_wifi.o
                0x0000000008000e74                ES_WIFI_IsConnected
 .text.ES_WIFI_GetNetworkSettings
                0x0000000008000eac       0xe8 ./Application/WIFI/es_wifi.o
                0x0000000008000eac                ES_WIFI_GetNetworkSettings
 .text.ES_WIFI_GetMACAddress
                0x0000000008000f94       0x3c ./Application/WIFI/es_wifi.o
                0x0000000008000f94                ES_WIFI_GetMACAddress
 .text.ES_WIFI_StartServerSingleConn
                0x0000000008000fd0       0xb4 ./Application/WIFI/es_wifi.o
                0x0000000008000fd0                ES_WIFI_StartServerSingleConn
 .text.ES_WIFI_WaitServerConnection
                0x0000000008001084      0x180 ./Application/WIFI/es_wifi.o
                0x0000000008001084                ES_WIFI_WaitServerConnection
 .text.ES_WIFI_CloseServerConnection
                0x0000000008001204       0x7c ./Application/WIFI/es_wifi.o
                0x0000000008001204                ES_WIFI_CloseServerConnection
 .text.ES_WIFI_StopServerSingleConn
                0x0000000008001280       0x7c ./Application/WIFI/es_wifi.o
                0x0000000008001280                ES_WIFI_StopServerSingleConn
 .text.ES_WIFI_SendData
                0x00000000080012fc      0x104 ./Application/WIFI/es_wifi.o
                0x00000000080012fc                ES_WIFI_SendData
 .text.ES_WIFI_ReceiveData
                0x0000000008001400      0x114 ./Application/WIFI/es_wifi.o
                0x0000000008001400                ES_WIFI_ReceiveData
 .text.SPI_WIFI_DelayUs
                0x0000000008001514       0x68 ./Application/WIFI/es_wifi_io.o
 .text.wait_spi_tx_event.isra.0
                0x000000000800157c       0x24 ./Application/WIFI/es_wifi_io.o
 .text.SPI_WIFI_MspInit
                0x00000000080015a0      0x110 ./Application/WIFI/es_wifi_io.o
                0x00000000080015a0                SPI_WIFI_MspInit
 .text.SPI_WIFI_ResetModule
                0x00000000080016b0       0xd0 ./Application/WIFI/es_wifi_io.o
                0x00000000080016b0                SPI_WIFI_ResetModule
 .text.SPI_WIFI_Init
                0x0000000008001780       0x84 ./Application/WIFI/es_wifi_io.o
                0x0000000008001780                SPI_WIFI_Init
 .text.SPI_WIFI_DeInit
                0x0000000008001804       0x10 ./Application/WIFI/es_wifi_io.o
                0x0000000008001804                SPI_WIFI_DeInit
 .text.SPI_WIFI_ReceiveData
                0x0000000008001814       0xf4 ./Application/WIFI/es_wifi_io.o
                0x0000000008001814                SPI_WIFI_ReceiveData
 .text.SPI_WIFI_SendData
                0x0000000008001908       0xb4 ./Application/WIFI/es_wifi_io.o
                0x0000000008001908                SPI_WIFI_SendData
 .text.SPI_WIFI_Delay
                0x00000000080019bc        0x4 ./Application/WIFI/es_wifi_io.o
                0x00000000080019bc                SPI_WIFI_Delay
 .text.HAL_SPI_RxCpltCallback
                0x00000000080019c0       0x10 ./Application/WIFI/es_wifi_io.o
                0x00000000080019c0                HAL_SPI_RxCpltCallback
 .text.HAL_SPI_TxCpltCallback
                0x00000000080019d0       0x10 ./Application/WIFI/es_wifi_io.o
                0x00000000080019d0                HAL_SPI_TxCpltCallback
 .text.SPI_WIFI_ISR
                0x00000000080019e0       0x14 ./Application/WIFI/es_wifi_io.o
                0x00000000080019e0                SPI_WIFI_ISR
 .text.WIFI_Init
                0x00000000080019f4       0x48 ./Application/WIFI/wifi.o
                0x00000000080019f4                WIFI_Init
 .text.WIFI_Connect
                0x0000000008001a3c       0x28 ./Application/WIFI/wifi.o
                0x0000000008001a3c                WIFI_Connect
 .text.WIFI_GetMAC_Address
                0x0000000008001a64       0x18 ./Application/WIFI/wifi.o
                0x0000000008001a64                WIFI_GetMAC_Address
 .text.WIFI_GetIP_Address
                0x0000000008001a7c       0x20 ./Application/WIFI/wifi.o
                0x0000000008001a7c                WIFI_GetIP_Address
 .text.WIFI_StartServer
                0x0000000008001a9c       0x34 ./Application/WIFI/wifi.o
                0x0000000008001a9c                WIFI_StartServer
 .text.WIFI_WaitServerConnection
                0x0000000008001ad0       0x48 ./Application/WIFI/wifi.o
                0x0000000008001ad0                WIFI_WaitServerConnection
 .text.WIFI_CloseServerConnection
                0x0000000008001b18       0x18 ./Application/WIFI/wifi.o
                0x0000000008001b18                WIFI_CloseServerConnection
 .text.WIFI_StopServer
                0x0000000008001b30       0x18 ./Application/WIFI/wifi.o
                0x0000000008001b30                WIFI_StopServer
 .text.WIFI_SendData
                0x0000000008001b48       0x24 ./Application/WIFI/wifi.o
                0x0000000008001b48                WIFI_SendData
 .text.WIFI_ReceiveData
                0x0000000008001b6c       0x24 ./Application/WIFI/wifi.o
                0x0000000008001b6c                WIFI_ReceiveData
 .text.I2Cx_Init.constprop.0
                0x0000000008001b90       0xc0 ./Drivers/BSP/B-L475E-IOT01/stm32l475e_iot01.o
 .text.BSP_LED_Init
                0x0000000008001c50       0x44 ./Drivers/BSP/B-L475E-IOT01/stm32l475e_iot01.o
                0x0000000008001c50                BSP_LED_Init
 .text.BSP_Forno_Init
                0x0000000008001c94       0x20 ./Drivers/BSP/B-L475E-IOT01/stm32l475e_iot01.o
                0x0000000008001c94                BSP_Forno_Init
 .text.BSP_LED_On
                0x0000000008001cb4       0x14 ./Drivers/BSP/B-L475E-IOT01/stm32l475e_iot01.o
                0x0000000008001cb4                BSP_LED_On
 .text.BSP_Forno_On
                0x0000000008001cc8       0x10 ./Drivers/BSP/B-L475E-IOT01/stm32l475e_iot01.o
                0x0000000008001cc8                BSP_Forno_On
 .text.BSP_LED_Off
                0x0000000008001cd8       0x14 ./Drivers/BSP/B-L475E-IOT01/stm32l475e_iot01.o
                0x0000000008001cd8                BSP_LED_Off
 .text.BSP_Forno_Off
                0x0000000008001cec       0x10 ./Drivers/BSP/B-L475E-IOT01/stm32l475e_iot01.o
                0x0000000008001cec                BSP_Forno_Off
 .text.BSP_COM_Init
                0x0000000008001cfc       0x88 ./Drivers/BSP/B-L475E-IOT01/stm32l475e_iot01.o
                0x0000000008001cfc                BSP_COM_Init
 .text.SENSOR_IO_Init
                0x0000000008001d84        0x4 ./Drivers/BSP/B-L475E-IOT01/stm32l475e_iot01.o
                0x0000000008001d84                SENSOR_IO_Init
 .text.SENSOR_IO_Write
                0x0000000008001d88       0x38 ./Drivers/BSP/B-L475E-IOT01/stm32l475e_iot01.o
                0x0000000008001d88                SENSOR_IO_Write
 .text.SENSOR_IO_Read
                0x0000000008001dc0       0x3c ./Drivers/BSP/B-L475E-IOT01/stm32l475e_iot01.o
                0x0000000008001dc0                SENSOR_IO_Read
 .text.SENSOR_IO_ReadMultiple
                0x0000000008001dfc       0x30 ./Drivers/BSP/B-L475E-IOT01/stm32l475e_iot01.o
                0x0000000008001dfc                SENSOR_IO_ReadMultiple
 .text.BSP_TSENSOR_Init
                0x0000000008001e2c       0x24 ./Drivers/BSP/B-L475E-IOT01/stm32l475e_iot01_tsensor.o
                0x0000000008001e2c                BSP_TSENSOR_Init
 .text.BSP_TSENSOR_ReadTemp
                0x0000000008001e50       0x10 ./Drivers/BSP/B-L475E-IOT01/stm32l475e_iot01_tsensor.o
                0x0000000008001e50                BSP_TSENSOR_ReadTemp
 .text.HTS221_H_Init
                0x0000000008001e60       0x20 ./Drivers/BSP/hts221.o
                0x0000000008001e60                HTS221_H_Init
 .text.HTS221_T_Init
                0x0000000008001e80       0x20 ./Drivers/BSP/hts221.o
                0x0000000008001e80                HTS221_T_Init
 .text.HTS221_H_ReadID
                0x0000000008001ea0       0x14 ./Drivers/BSP/hts221.o
                0x0000000008001ea0                HTS221_H_ReadID
 .text.HTS221_H_ReadHumidity
                0x0000000008001eb4       0xc0 ./Drivers/BSP/hts221.o
                0x0000000008001eb4                HTS221_H_ReadHumidity
 .text.HTS221_T_ReadTemp
                0x0000000008001f74       0x98 ./Drivers/BSP/hts221.o
                0x0000000008001f74                HTS221_T_ReadTemp
 .text.SystemInit
                0x000000000800200c       0x48 ./Drivers/CMSIS/system_stm32l4xx.o
                0x000000000800200c                SystemInit
 .text.HAL_MspInit
                0x0000000008002054        0x2 ./Drivers/STM32L4xx_HAL_Driver/stm32l4xx_hal.o
                0x0000000008002054                HAL_MspInit
 *fill*         0x0000000008002056        0x2 
 .text.HAL_InitTick
                0x0000000008002058       0x48 ./Drivers/STM32L4xx_HAL_Driver/stm32l4xx_hal.o
                0x0000000008002058                HAL_InitTick
 .text.HAL_Init
                0x00000000080020a0       0x1e ./Drivers/STM32L4xx_HAL_Driver/stm32l4xx_hal.o
                0x00000000080020a0                HAL_Init
 *fill*         0x00000000080020be        0x2 
 .text.HAL_IncTick
                0x00000000080020c0       0x18 ./Drivers/STM32L4xx_HAL_Driver/stm32l4xx_hal.o
                0x00000000080020c0                HAL_IncTick
 .text.HAL_GetTick
                0x00000000080020d8        0xc ./Drivers/STM32L4xx_HAL_Driver/stm32l4xx_hal.o
                0x00000000080020d8                HAL_GetTick
 .text.HAL_Delay
                0x00000000080020e4       0x28 ./Drivers/STM32L4xx_HAL_Driver/stm32l4xx_hal.o
                0x00000000080020e4                HAL_Delay
 .text.HAL_NVIC_SetPriorityGrouping
                0x000000000800210c       0x24 ./Drivers/STM32L4xx_HAL_Driver/stm32l4xx_hal_cortex.o
                0x000000000800210c                HAL_NVIC_SetPriorityGrouping
 .text.HAL_NVIC_SetPriority
                0x0000000008002130       0x64 ./Drivers/STM32L4xx_HAL_Driver/stm32l4xx_hal_cortex.o
                0x0000000008002130                HAL_NVIC_SetPriority
 .text.HAL_NVIC_EnableIRQ
                0x0000000008002194       0x1c ./Drivers/STM32L4xx_HAL_Driver/stm32l4xx_hal_cortex.o
                0x0000000008002194                HAL_NVIC_EnableIRQ
 .text.HAL_SYSTICK_Config
                0x00000000080021b0       0x28 ./Drivers/STM32L4xx_HAL_Driver/stm32l4xx_hal_cortex.o
                0x00000000080021b0                HAL_SYSTICK_Config
 .text.HAL_DMA_Abort_IT
                0x00000000080021d8       0x4c ./Drivers/STM32L4xx_HAL_Driver/stm32l4xx_hal_dma.o
                0x00000000080021d8                HAL_DMA_Abort_IT
 .text.HAL_GPIO_Init
                0x0000000008002224      0x1bc ./Drivers/STM32L4xx_HAL_Driver/stm32l4xx_hal_gpio.o
                0x0000000008002224                HAL_GPIO_Init
 .text.HAL_GPIO_ReadPin
                0x00000000080023e0        0xc ./Drivers/STM32L4xx_HAL_Driver/stm32l4xx_hal_gpio.o
                0x00000000080023e0                HAL_GPIO_ReadPin
 .text.HAL_GPIO_WritePin
                0x00000000080023ec        0xa ./Drivers/STM32L4xx_HAL_Driver/stm32l4xx_hal_gpio.o
                0x00000000080023ec                HAL_GPIO_WritePin
 *fill*         0x00000000080023f6        0x2 
 .text.HAL_GPIO_EXTI_IRQHandler
                0x00000000080023f8       0x18 ./Drivers/STM32L4xx_HAL_Driver/stm32l4xx_hal_gpio.o
                0x00000000080023f8                HAL_GPIO_EXTI_IRQHandler
 .text.I2C_Flush_TXDR
                0x0000000008002410       0x1c ./Drivers/STM32L4xx_HAL_Driver/stm32l4xx_hal_i2c.o
 .text.I2C_TransferConfig
                0x000000000800242c       0x2c ./Drivers/STM32L4xx_HAL_Driver/stm32l4xx_hal_i2c.o
 .text.I2C_IsErrorOccurred
                0x0000000008002458      0x116 ./Drivers/STM32L4xx_HAL_Driver/stm32l4xx_hal_i2c.o
 .text.I2C_WaitOnTXISFlagUntilTimeout
                0x000000000800256e       0x4e ./Drivers/STM32L4xx_HAL_Driver/stm32l4xx_hal_i2c.o
 .text.I2C_WaitOnFlagUntilTimeout
                0x00000000080025bc       0x54 ./Drivers/STM32L4xx_HAL_Driver/stm32l4xx_hal_i2c.o
 .text.I2C_WaitOnSTOPFlagUntilTimeout
                0x0000000008002610       0x4a ./Drivers/STM32L4xx_HAL_Driver/stm32l4xx_hal_i2c.o
 .text.HAL_I2C_MspInit
                0x000000000800265a        0x2 ./Drivers/STM32L4xx_HAL_Driver/stm32l4xx_hal_i2c.o
                0x000000000800265a                HAL_I2C_MspInit
 .text.HAL_I2C_Init
                0x000000000800265c       0xa2 ./Drivers/STM32L4xx_HAL_Driver/stm32l4xx_hal_i2c.o
                0x000000000800265c                HAL_I2C_Init
 .text.HAL_I2C_MspDeInit
                0x00000000080026fe        0x2 ./Drivers/STM32L4xx_HAL_Driver/stm32l4xx_hal_i2c.o
                0x00000000080026fe                HAL_I2C_MspDeInit
 .text.HAL_I2C_DeInit
                0x0000000008002700       0x32 ./Drivers/STM32L4xx_HAL_Driver/stm32l4xx_hal_i2c.o
                0x0000000008002700                HAL_I2C_DeInit
 *fill*         0x0000000008002732        0x2 
 .text.HAL_I2C_Mem_Write
                0x0000000008002734      0x1b4 ./Drivers/STM32L4xx_HAL_Driver/stm32l4xx_hal_i2c.o
                0x0000000008002734                HAL_I2C_Mem_Write
 .text.HAL_I2C_Mem_Read
                0x00000000080028e8      0x1bc ./Drivers/STM32L4xx_HAL_Driver/stm32l4xx_hal_i2c.o
                0x00000000080028e8                HAL_I2C_Mem_Read
 .text.HAL_I2CEx_ConfigAnalogFilter
                0x0000000008002aa4       0x4c ./Drivers/STM32L4xx_HAL_Driver/stm32l4xx_hal_i2c_ex.o
                0x0000000008002aa4                HAL_I2CEx_ConfigAnalogFilter
 .text.HAL_PWREx_GetVoltageRange
                0x0000000008002af0       0x10 ./Drivers/STM32L4xx_HAL_Driver/stm32l4xx_hal_pwr_ex.o
                0x0000000008002af0                HAL_PWREx_GetVoltageRange
 .text.RCC_SetFlashLatencyFromMSIRange
                0x0000000008002b00       0x84 ./Drivers/STM32L4xx_HAL_Driver/stm32l4xx_hal_rcc.o
 .text.HAL_RCC_GetSysClockFreq
                0x0000000008002b84       0x9c ./Drivers/STM32L4xx_HAL_Driver/stm32l4xx_hal_rcc.o
                0x0000000008002b84                HAL_RCC_GetSysClockFreq
 .text.HAL_RCC_OscConfig
                0x0000000008002c20      0x500 ./Drivers/STM32L4xx_HAL_Driver/stm32l4xx_hal_rcc.o
                0x0000000008002c20                HAL_RCC_OscConfig
 .text.HAL_RCC_ClockConfig
                0x0000000008003120      0x154 ./Drivers/STM32L4xx_HAL_Driver/stm32l4xx_hal_rcc.o
                0x0000000008003120                HAL_RCC_ClockConfig
 .text.HAL_RCC_GetPCLK1Freq
                0x0000000008003274       0x24 ./Drivers/STM32L4xx_HAL_Driver/stm32l4xx_hal_rcc.o
                0x0000000008003274                HAL_RCC_GetPCLK1Freq
 .text.HAL_RCC_GetPCLK2Freq
                0x0000000008003298       0x24 ./Drivers/STM32L4xx_HAL_Driver/stm32l4xx_hal_rcc.o
                0x0000000008003298                HAL_RCC_GetPCLK2Freq
 .text.SPI_WaitFlagStateUntilTimeout
                0x00000000080032bc       0xb8 ./Drivers/STM32L4xx_HAL_Driver/stm32l4xx_hal_spi.o
 .text.SPI_WaitFifoStateUntilTimeout
                0x0000000008003374       0xd8 ./Drivers/STM32L4xx_HAL_Driver/stm32l4xx_hal_spi.o
 .text.SPI_EndRxTransaction
                0x000000000800344c       0x76 ./Drivers/STM32L4xx_HAL_Driver/stm32l4xx_hal_spi.o
 .text.SPI_EndRxTxTransaction
                0x00000000080034c2       0x52 ./Drivers/STM32L4xx_HAL_Driver/stm32l4xx_hal_spi.o
 .text.HAL_SPI_MspInit
                0x0000000008003514        0x2 ./Drivers/STM32L4xx_HAL_Driver/stm32l4xx_hal_spi.o
                0x0000000008003514                HAL_SPI_MspInit
 .text.HAL_SPI_Init
                0x0000000008003516      0x108 ./Drivers/STM32L4xx_HAL_Driver/stm32l4xx_hal_spi.o
                0x0000000008003516                HAL_SPI_Init
 .text.HAL_SPI_MspDeInit
                0x000000000800361e        0x2 ./Drivers/STM32L4xx_HAL_Driver/stm32l4xx_hal_spi.o
                0x000000000800361e                HAL_SPI_MspDeInit
 .text.HAL_SPI_DeInit
                0x0000000008003620       0x2c ./Drivers/STM32L4xx_HAL_Driver/stm32l4xx_hal_spi.o
                0x0000000008003620                HAL_SPI_DeInit
 .text.HAL_SPI_TransmitReceive
                0x000000000800364c      0x38c ./Drivers/STM32L4xx_HAL_Driver/stm32l4xx_hal_spi.o
                0x000000000800364c                HAL_SPI_TransmitReceive
 .text.HAL_SPI_Receive
                0x00000000080039d8      0x248 ./Drivers/STM32L4xx_HAL_Driver/stm32l4xx_hal_spi.o
                0x00000000080039d8                HAL_SPI_Receive
 .text.HAL_SPI_Transmit_IT
                0x0000000008003c20       0xb4 ./Drivers/STM32L4xx_HAL_Driver/stm32l4xx_hal_spi.o
                0x0000000008003c20                HAL_SPI_Transmit_IT
 .text.HAL_SPI_TransmitReceive_IT
                0x0000000008003cd4      0x100 ./Drivers/STM32L4xx_HAL_Driver/stm32l4xx_hal_spi.o
                0x0000000008003cd4                HAL_SPI_TransmitReceive_IT
 .text.HAL_SPI_Receive_IT
                0x0000000008003dd4       0xfc ./Drivers/STM32L4xx_HAL_Driver/stm32l4xx_hal_spi.o
                0x0000000008003dd4                HAL_SPI_Receive_IT
 .text.HAL_SPI_TxRxCpltCallback
                0x0000000008003ed0        0x2 ./Drivers/STM32L4xx_HAL_Driver/stm32l4xx_hal_spi.o
                0x0000000008003ed0                HAL_SPI_TxRxCpltCallback
 .text.HAL_SPI_ErrorCallback
                0x0000000008003ed2        0x2 ./Drivers/STM32L4xx_HAL_Driver/stm32l4xx_hal_spi.o
                0x0000000008003ed2                HAL_SPI_ErrorCallback
 .text.SPI_CloseTx_ISR
                0x0000000008003ed4       0x52 ./Drivers/STM32L4xx_HAL_Driver/stm32l4xx_hal_spi.o
 .text.SPI_TxISR_8BIT
                0x0000000008003f26       0x34 ./Drivers/STM32L4xx_HAL_Driver/stm32l4xx_hal_spi.o
 .text.SPI_TxISR_16BIT
                0x0000000008003f5a       0x30 ./Drivers/STM32L4xx_HAL_Driver/stm32l4xx_hal_spi.o
 .text.SPI_CloseRx_ISR
                0x0000000008003f8a       0x58 ./Drivers/STM32L4xx_HAL_Driver/stm32l4xx_hal_spi.o
 *fill*         0x0000000008003fe2        0x2 
 .text.SPI_RxISR_8BIT
                0x0000000008003fe4       0x58 ./Drivers/STM32L4xx_HAL_Driver/stm32l4xx_hal_spi.o
 .text.SPI_RxISR_8BITCRC
                0x000000000800403c       0x28 ./Drivers/STM32L4xx_HAL_Driver/stm32l4xx_hal_spi.o
 .text.SPI_RxISR_16BIT
                0x0000000008004064       0x54 ./Drivers/STM32L4xx_HAL_Driver/stm32l4xx_hal_spi.o
 .text.SPI_RxISR_16BITCRC
                0x00000000080040b8       0x1c ./Drivers/STM32L4xx_HAL_Driver/stm32l4xx_hal_spi.o
 .text.SPI_CloseRxTx_ISR
                0x00000000080040d4       0x72 ./Drivers/STM32L4xx_HAL_Driver/stm32l4xx_hal_spi.o
 .text.SPI_2linesTxISR_8BIT
                0x0000000008004146       0x64 ./Drivers/STM32L4xx_HAL_Driver/stm32l4xx_hal_spi.o
 *fill*         0x00000000080041aa        0x2 
 .text.SPI_2linesRxISR_8BIT
                0x00000000080041ac       0x84 ./Drivers/STM32L4xx_HAL_Driver/stm32l4xx_hal_spi.o
 .text.SPI_2linesRxISR_8BITCRC
                0x0000000008004230       0x36 ./Drivers/STM32L4xx_HAL_Driver/stm32l4xx_hal_spi.o
 .text.SPI_2linesTxISR_16BIT
                0x0000000008004266       0x54 ./Drivers/STM32L4xx_HAL_Driver/stm32l4xx_hal_spi.o
 *fill*         0x00000000080042ba        0x2 
 .text.SPI_2linesRxISR_16BIT
                0x00000000080042bc       0x50 ./Drivers/STM32L4xx_HAL_Driver/stm32l4xx_hal_spi.o
 .text.SPI_2linesRxISR_16BITCRC
                0x000000000800430c       0x1c ./Drivers/STM32L4xx_HAL_Driver/stm32l4xx_hal_spi.o
 .text.HAL_SPI_IRQHandler
                0x0000000008004328      0x10c ./Drivers/STM32L4xx_HAL_Driver/stm32l4xx_hal_spi.o
                0x0000000008004328                HAL_SPI_IRQHandler
 .text.SPI_DMAAbortOnError
                0x0000000008004434       0x12 ./Drivers/STM32L4xx_HAL_Driver/stm32l4xx_hal_spi.o
 .text.HAL_UART_MspInit
                0x0000000008004446        0x2 ./Drivers/STM32L4xx_HAL_Driver/stm32l4xx_hal_uart.o
                0x0000000008004446                HAL_UART_MspInit
 .text.UART_SetConfig
                0x0000000008004448      0x28c ./Drivers/STM32L4xx_HAL_Driver/stm32l4xx_hal_uart.o
                0x0000000008004448                UART_SetConfig
 .text.UART_AdvFeatureConfig
                0x00000000080046d4       0xa8 ./Drivers/STM32L4xx_HAL_Driver/stm32l4xx_hal_uart.o
                0x00000000080046d4                UART_AdvFeatureConfig
 .text.UART_WaitOnFlagUntilTimeout
                0x000000000800477c       0xbc ./Drivers/STM32L4xx_HAL_Driver/stm32l4xx_hal_uart.o
                0x000000000800477c                UART_WaitOnFlagUntilTimeout
 .text.HAL_UART_Transmit
                0x0000000008004838       0xb4 ./Drivers/STM32L4xx_HAL_Driver/stm32l4xx_hal_uart.o
                0x0000000008004838                HAL_UART_Transmit
 .text.UART_CheckIdleState
                0x00000000080048ec       0x66 ./Drivers/STM32L4xx_HAL_Driver/stm32l4xx_hal_uart.o
                0x00000000080048ec                UART_CheckIdleState
 .text.HAL_UART_Init
                0x0000000008004952       0x5c ./Drivers/STM32L4xx_HAL_Driver/stm32l4xx_hal_uart.o
                0x0000000008004952                HAL_UART_Init
 *fill*         0x00000000080049ae        0x2 
 .text.Reset_Handler
                0x00000000080049b0       0x50 ./SW4STM32/startup_stm32l475xx.o
                0x00000000080049b0                Reset_Handler
 .text.Default_Handler
                0x0000000008004a00        0x2 ./SW4STM32/startup_stm32l475xx.o
                0x0000000008004a00                RTC_Alarm_IRQHandler
                0x0000000008004a00                EXTI2_IRQHandler
                0x0000000008004a00                TIM8_TRG_COM_IRQHandler
                0x0000000008004a00                TIM8_CC_IRQHandler
                0x0000000008004a00                TIM1_CC_IRQHandler
                0x0000000008004a00                TSC_IRQHandler
                0x0000000008004a00                TAMP_STAMP_IRQHandler
                0x0000000008004a00                EXTI3_IRQHandler
                0x0000000008004a00                LPTIM2_IRQHandler
                0x0000000008004a00                DFSDM1_FLT1_IRQHandler
                0x0000000008004a00                I2C3_ER_IRQHandler
                0x0000000008004a00                DFSDM1_FLT2_IRQHandler
                0x0000000008004a00                EXTI0_IRQHandler
                0x0000000008004a00                I2C2_EV_IRQHandler
                0x0000000008004a00                CAN1_RX0_IRQHandler
                0x0000000008004a00                FPU_IRQHandler
                0x0000000008004a00                TIM1_UP_TIM16_IRQHandler
                0x0000000008004a00                ADC1_2_IRQHandler
                0x0000000008004a00                SPI1_IRQHandler
                0x0000000008004a00                TIM6_DAC_IRQHandler
                0x0000000008004a00                TIM8_UP_IRQHandler
                0x0000000008004a00                DMA2_Channel2_IRQHandler
                0x0000000008004a00                DMA1_Channel4_IRQHandler
                0x0000000008004a00                SAI2_IRQHandler
                0x0000000008004a00                DFSDM1_FLT3_IRQHandler
                0x0000000008004a00                USART3_IRQHandler
                0x0000000008004a00                DMA1_Channel7_IRQHandler
                0x0000000008004a00                CAN1_RX1_IRQHandler
                0x0000000008004a00                UART5_IRQHandler
                0x0000000008004a00                ADC3_IRQHandler
                0x0000000008004a00                TIM4_IRQHandler
                0x0000000008004a00                DMA2_Channel1_IRQHandler
                0x0000000008004a00                QUADSPI_IRQHandler
                0x0000000008004a00                I2C1_EV_IRQHandler
                0x0000000008004a00                DMA1_Channel6_IRQHandler
                0x0000000008004a00                UART4_IRQHandler
                0x0000000008004a00                DMA2_Channel4_IRQHandler
                0x0000000008004a00                TIM3_IRQHandler
                0x0000000008004a00                RCC_IRQHandler
                0x0000000008004a00                DMA1_Channel1_IRQHandler
                0x0000000008004a00                Default_Handler
                0x0000000008004a00                DMA2_Channel7_IRQHandler
                0x0000000008004a00                EXTI15_10_IRQHandler
                0x0000000008004a00                TIM7_IRQHandler
                0x0000000008004a00                SDMMC1_IRQHandler
                0x0000000008004a00                TIM5_IRQHandler
                0x0000000008004a00                I2C3_EV_IRQHandler
                0x0000000008004a00                EXTI9_5_IRQHandler
                0x0000000008004a00                RTC_WKUP_IRQHandler
                0x0000000008004a00                PVD_PVM_IRQHandler
                0x0000000008004a00                SPI2_IRQHandler
                0x0000000008004a00                CAN1_TX_IRQHandler
                0x0000000008004a00                DMA2_Channel5_IRQHandler
                0x0000000008004a00                DMA1_Channel5_IRQHandler
                0x0000000008004a00                EXTI4_IRQHandler
                0x0000000008004a00                RNG_IRQHandler
                0x0000000008004a00                TIM1_TRG_COM_TIM17_IRQHandler
                0x0000000008004a00                DMA1_Channel3_IRQHandler
                0x0000000008004a00                COMP_IRQHandler
                0x0000000008004a00                WWDG_IRQHandler
                0x0000000008004a00                LPUART1_IRQHandler
                0x0000000008004a00                DMA2_Channel6_IRQHandler
                0x0000000008004a00                TIM2_IRQHandler
                0x0000000008004a00                USART2_IRQHandler
                0x0000000008004a00                DFSDM1_FLT0_IRQHandler
                0x0000000008004a00                I2C2_ER_IRQHandler
                0x0000000008004a00                DMA1_Channel2_IRQHandler
                0x0000000008004a00                TIM8_BRK_IRQHandler
                0x0000000008004a00                CAN1_SCE_IRQHandler
                0x0000000008004a00                FLASH_IRQHandler
                0x0000000008004a00                USART1_IRQHandler
                0x0000000008004a00                OTG_FS_IRQHandler
                0x0000000008004a00                I2C1_ER_IRQHandler
                0x0000000008004a00                FMC_IRQHandler
                0x0000000008004a00                SWPMI1_IRQHandler
                0x0000000008004a00                LPTIM1_IRQHandler
                0x0000000008004a00                SAI1_IRQHandler
                0x0000000008004a00                DMA2_Channel3_IRQHandler
                0x0000000008004a00                TIM1_BRK_TIM15_IRQHandler
 .text._getpid  0x0000000008004a02        0x4 ./SW4STM32/syscalls.o
                0x0000000008004a02                _getpid
 .text._kill    0x0000000008004a06       0x10 ./SW4STM32/syscalls.o
                0x0000000008004a06                _kill
 .text._exit    0x0000000008004a16        0xc ./SW4STM32/syscalls.o
                0x0000000008004a16                _exit
 .text._read    0x0000000008004a22        0xe ./SW4STM32/syscalls.o
                0x0000000008004a22                _read
 .text._write   0x0000000008004a30       0x1c ./SW4STM32/syscalls.o
                0x0000000008004a30                _write
 .text._sbrk    0x0000000008004a4c       0x34 ./SW4STM32/syscalls.o
                0x0000000008004a4c                _sbrk
 .text._close   0x0000000008004a80        0x6 ./SW4STM32/syscalls.o
                0x0000000008004a80                _close
 .text._fstat   0x0000000008004a86        0xa ./SW4STM32/syscalls.o
                0x0000000008004a86                _fstat
 .text._isatty  0x0000000008004a90        0x4 ./SW4STM32/syscalls.o
                0x0000000008004a90                _isatty
 .text._lseek   0x0000000008004a94        0x4 ./SW4STM32/syscalls.o
                0x0000000008004a94                _lseek
 .text.__errno  0x0000000008004a98        0xc d:/programmi/stm32cubeide_1.9.0/stm32cubeide/plugins/com.st.stm32cube.ide.mcu.externaltools.gnu-tools-for-stm32.10.3-2021.10.win32_1.0.0.202111181127/tools/bin/../lib/gcc/arm-none-eabi/10.3.1/../../../../arm-none-eabi/lib/thumb/v7e-m+fp/hard\libc_nano.a(lib_a-errno.o)
                0x0000000008004a98                __errno
 .text.__libc_init_array
                0x0000000008004aa4       0x48 d:/programmi/stm32cubeide_1.9.0/stm32cubeide/plugins/com.st.stm32cube.ide.mcu.externaltools.gnu-tools-for-stm32.10.3-2021.10.win32_1.0.0.202111181127/tools/bin/../lib/gcc/arm-none-eabi/10.3.1/../../../../arm-none-eabi/lib/thumb/v7e-m+fp/hard\libc_nano.a(lib_a-init.o)
                0x0000000008004aa4                __libc_init_array
 .text.memcpy   0x0000000008004aec       0x1c d:/programmi/stm32cubeide_1.9.0/stm32cubeide/plugins/com.st.stm32cube.ide.mcu.externaltools.gnu-tools-for-stm32.10.3-2021.10.win32_1.0.0.202111181127/tools/bin/../lib/gcc/arm-none-eabi/10.3.1/../../../../arm-none-eabi/lib/thumb/v7e-m+fp/hard\libc_nano.a(lib_a-memcpy-stub.o)
                0x0000000008004aec                memcpy
 .text.memset   0x0000000008004b08       0x10 d:/programmi/stm32cubeide_1.9.0/stm32cubeide/plugins/com.st.stm32cube.ide.mcu.externaltools.gnu-tools-for-stm32.10.3-2021.10.win32_1.0.0.202111181127/tools/bin/../lib/gcc/arm-none-eabi/10.3.1/../../../../arm-none-eabi/lib/thumb/v7e-m+fp/hard\libc_nano.a(lib_a-memset.o)
                0x0000000008004b08                memset
 .text.printf   0x0000000008004b18       0x30 d:/programmi/stm32cubeide_1.9.0/stm32cubeide/plugins/com.st.stm32cube.ide.mcu.externaltools.gnu-tools-for-stm32.10.3-2021.10.win32_1.0.0.202111181127/tools/bin/../lib/gcc/arm-none-eabi/10.3.1/../../../../arm-none-eabi/lib/thumb/v7e-m+fp/hard\libc_nano.a(lib_a-printf.o)
                0x0000000008004b18                iprintf
                0x0000000008004b18                printf
 .text._puts_r  0x0000000008004b48       0xdc d:/programmi/stm32cubeide_1.9.0/stm32cubeide/plugins/com.st.stm32cube.ide.mcu.externaltools.gnu-tools-for-stm32.10.3-2021.10.win32_1.0.0.202111181127/tools/bin/../lib/gcc/arm-none-eabi/10.3.1/../../../../arm-none-eabi/lib/thumb/v7e-m+fp/hard\libc_nano.a(lib_a-puts.o)
                0x0000000008004b48                _puts_r
 .text.puts     0x0000000008004c24       0x10 d:/programmi/stm32cubeide_1.9.0/stm32cubeide/plugins/com.st.stm32cube.ide.mcu.externaltools.gnu-tools-for-stm32.10.3-2021.10.win32_1.0.0.202111181127/tools/bin/../lib/gcc/arm-none-eabi/10.3.1/../../../../arm-none-eabi/lib/thumb/v7e-m+fp/hard\libc_nano.a(lib_a-puts.o)
                0x0000000008004c24                puts
 .text.sprintf  0x0000000008004c34       0x40 d:/programmi/stm32cubeide_1.9.0/stm32cubeide/plugins/com.st.stm32cube.ide.mcu.externaltools.gnu-tools-for-stm32.10.3-2021.10.win32_1.0.0.202111181127/tools/bin/../lib/gcc/arm-none-eabi/10.3.1/../../../../arm-none-eabi/lib/thumb/v7e-m+fp/hard\libc_nano.a(lib_a-sprintf.o)
                0x0000000008004c34                siprintf
                0x0000000008004c34                sprintf
 .text.strcat   0x0000000008004c74       0x1e d:/programmi/stm32cubeide_1.9.0/stm32cubeide/plugins/com.st.stm32cube.ide.mcu.externaltools.gnu-tools-for-stm32.10.3-2021.10.win32_1.0.0.202111181127/tools/bin/../lib/gcc/arm-none-eabi/10.3.1/../../../../arm-none-eabi/lib/thumb/v7e-m+fp/hard\libc_nano.a(lib_a-strcat.o)
                0x0000000008004c74                strcat
 .text.strcpy   0x0000000008004c92       0x10 d:/programmi/stm32cubeide_1.9.0/stm32cubeide/plugins/com.st.stm32cube.ide.mcu.externaltools.gnu-tools-for-stm32.10.3-2021.10.win32_1.0.0.202111181127/tools/bin/../lib/gcc/arm-none-eabi/10.3.1/../../../../arm-none-eabi/lib/thumb/v7e-m+fp/hard\libc_nano.a(lib_a-strcpy.o)
                0x0000000008004c92                strcpy
 .text.strncmp  0x0000000008004ca2       0x28 d:/programmi/stm32cubeide_1.9.0/stm32cubeide/plugins/com.st.stm32cube.ide.mcu.externaltools.gnu-tools-for-stm32.10.3-2021.10.win32_1.0.0.202111181127/tools/bin/../lib/gcc/arm-none-eabi/10.3.1/../../../../arm-none-eabi/lib/thumb/v7e-m+fp/hard\libc_nano.a(lib_a-strncmp.o)
                0x0000000008004ca2                strncmp
 .text.strncpy  0x0000000008004cca       0x26 d:/programmi/stm32cubeide_1.9.0/stm32cubeide/plugins/com.st.stm32cube.ide.mcu.externaltools.gnu-tools-for-stm32.10.3-2021.10.win32_1.0.0.202111181127/tools/bin/../lib/gcc/arm-none-eabi/10.3.1/../../../../arm-none-eabi/lib/thumb/v7e-m+fp/hard\libc_nano.a(lib_a-strncpy.o)
                0x0000000008004cca                strncpy
 .text.strstr   0x0000000008004cf0       0x2c d:/programmi/stm32cubeide_1.9.0/stm32cubeide/plugins/com.st.stm32cube.ide.mcu.externaltools.gnu-tools-for-stm32.10.3-2021.10.win32_1.0.0.202111181127/tools/bin/../lib/gcc/arm-none-eabi/10.3.1/../../../../arm-none-eabi/lib/thumb/v7e-m+fp/hard\libc_nano.a(lib_a-strstr.o)
                0x0000000008004cf0                strstr
 .text.strtok   0x0000000008004d1c       0x68 d:/programmi/stm32cubeide_1.9.0/stm32cubeide/plugins/com.st.stm32cube.ide.mcu.externaltools.gnu-tools-for-stm32.10.3-2021.10.win32_1.0.0.202111181127/tools/bin/../lib/gcc/arm-none-eabi/10.3.1/../../../../arm-none-eabi/lib/thumb/v7e-m+fp/hard\libc_nano.a(lib_a-strtok.o)
                0x0000000008004d1c                strtok
 .text.__strtok_r
                0x0000000008004d84       0x50 d:/programmi/stm32cubeide_1.9.0/stm32cubeide/plugins/com.st.stm32cube.ide.mcu.externaltools.gnu-tools-for-stm32.10.3-2021.10.win32_1.0.0.202111181127/tools/bin/../lib/gcc/arm-none-eabi/10.3.1/../../../../arm-none-eabi/lib/thumb/v7e-m+fp/hard\libc_nano.a(lib_a-strtok_r.o)
                0x0000000008004d84                __strtok_r
 .text.__swbuf_r
                0x0000000008004dd4       0xa4 d:/programmi/stm32cubeide_1.9.0/stm32cubeide/plugins/com.st.stm32cube.ide.mcu.externaltools.gnu-tools-for-stm32.10.3-2021.10.win32_1.0.0.202111181127/tools/bin/../lib/gcc/arm-none-eabi/10.3.1/../../../../arm-none-eabi/lib/thumb/v7e-m+fp/hard\libc_nano.a(lib_a-wbuf.o)
                0x0000000008004dd4                __swbuf_r
 .text.__swsetup_r
                0x0000000008004e78       0xdc d:/programmi/stm32cubeide_1.9.0/stm32cubeide/plugins/com.st.stm32cube.ide.mcu.externaltools.gnu-tools-for-stm32.10.3-2021.10.win32_1.0.0.202111181127/tools/bin/../lib/gcc/arm-none-eabi/10.3.1/../../../../arm-none-eabi/lib/thumb/v7e-m+fp/hard\libc_nano.a(lib_a-wsetup.o)
                0x0000000008004e78                __swsetup_r
 .text.__assert_func
                0x0000000008004f54       0x3c d:/programmi/stm32cubeide_1.9.0/stm32cubeide/plugins/com.st.stm32cube.ide.mcu.externaltools.gnu-tools-for-stm32.10.3-2021.10.win32_1.0.0.202111181127/tools/bin/../lib/gcc/arm-none-eabi/10.3.1/../../../../arm-none-eabi/lib/thumb/v7e-m+fp/hard\libc_nano.a(lib_a-assert.o)
                0x0000000008004f54                __assert_func
 .text.__sflush_r
                0x0000000008004f90      0x10c d:/programmi/stm32cubeide_1.9.0/stm32cubeide/plugins/com.st.stm32cube.ide.mcu.externaltools.gnu-tools-for-stm32.10.3-2021.10.win32_1.0.0.202111181127/tools/bin/../lib/gcc/arm-none-eabi/10.3.1/../../../../arm-none-eabi/lib/thumb/v7e-m+fp/hard\libc_nano.a(lib_a-fflush.o)
                0x0000000008004f90                __sflush_r
 .text._fflush_r
                0x000000000800509c       0x78 d:/programmi/stm32cubeide_1.9.0/stm32cubeide/plugins/com.st.stm32cube.ide.mcu.externaltools.gnu-tools-for-stm32.10.3-2021.10.win32_1.0.0.202111181127/tools/bin/../lib/gcc/arm-none-eabi/10.3.1/../../../../arm-none-eabi/lib/thumb/v7e-m+fp/hard\libc_nano.a(lib_a-fflush.o)
                0x000000000800509c                _fflush_r
 .text.std      0x0000000008005114       0x48 d:/programmi/stm32cubeide_1.9.0/stm32cubeide/plugins/com.st.stm32cube.ide.mcu.externaltools.gnu-tools-for-stm32.10.3-2021.10.win32_1.0.0.202111181127/tools/bin/../lib/gcc/arm-none-eabi/10.3.1/../../../../arm-none-eabi/lib/thumb/v7e-m+fp/hard\libc_nano.a(lib_a-findfp.o)
 .text._cleanup_r
                0x000000000800515c        0xc d:/programmi/stm32cubeide_1.9.0/stm32cubeide/plugins/com.st.stm32cube.ide.mcu.externaltools.gnu-tools-for-stm32.10.3-2021.10.win32_1.0.0.202111181127/tools/bin/../lib/gcc/arm-none-eabi/10.3.1/../../../../arm-none-eabi/lib/thumb/v7e-m+fp/hard\libc_nano.a(lib_a-findfp.o)
                0x000000000800515c                _cleanup_r
 .text.__sfmoreglue
                0x0000000008005168       0x2c d:/programmi/stm32cubeide_1.9.0/stm32cubeide/plugins/com.st.stm32cube.ide.mcu.externaltools.gnu-tools-for-stm32.10.3-2021.10.win32_1.0.0.202111181127/tools/bin/../lib/gcc/arm-none-eabi/10.3.1/../../../../arm-none-eabi/lib/thumb/v7e-m+fp/hard\libc_nano.a(lib_a-findfp.o)
                0x0000000008005168                __sfmoreglue
 .text.__sfp_lock_acquire
                0x0000000008005194        0xc d:/programmi/stm32cubeide_1.9.0/stm32cubeide/plugins/com.st.stm32cube.ide.mcu.externaltools.gnu-tools-for-stm32.10.3-2021.10.win32_1.0.0.202111181127/tools/bin/../lib/gcc/arm-none-eabi/10.3.1/../../../../arm-none-eabi/lib/thumb/v7e-m+fp/hard\libc_nano.a(lib_a-findfp.o)
                0x0000000008005194                __sfp_lock_acquire
 .text.__sfp_lock_release
                0x00000000080051a0        0xc d:/programmi/stm32cubeide_1.9.0/stm32cubeide/plugins/com.st.stm32cube.ide.mcu.externaltools.gnu-tools-for-stm32.10.3-2021.10.win32_1.0.0.202111181127/tools/bin/../lib/gcc/arm-none-eabi/10.3.1/../../../../arm-none-eabi/lib/thumb/v7e-m+fp/hard\libc_nano.a(lib_a-findfp.o)
                0x00000000080051a0                __sfp_lock_release
 .text.__sinit_lock_acquire
                0x00000000080051ac        0xc d:/programmi/stm32cubeide_1.9.0/stm32cubeide/plugins/com.st.stm32cube.ide.mcu.externaltools.gnu-tools-for-stm32.10.3-2021.10.win32_1.0.0.202111181127/tools/bin/../lib/gcc/arm-none-eabi/10.3.1/../../../../arm-none-eabi/lib/thumb/v7e-m+fp/hard\libc_nano.a(lib_a-findfp.o)
                0x00000000080051ac                __sinit_lock_acquire
 .text.__sinit_lock_release
                0x00000000080051b8        0xc d:/programmi/stm32cubeide_1.9.0/stm32cubeide/plugins/com.st.stm32cube.ide.mcu.externaltools.gnu-tools-for-stm32.10.3-2021.10.win32_1.0.0.202111181127/tools/bin/../lib/gcc/arm-none-eabi/10.3.1/../../../../arm-none-eabi/lib/thumb/v7e-m+fp/hard\libc_nano.a(lib_a-findfp.o)
                0x00000000080051b8                __sinit_lock_release
 .text.__sinit  0x00000000080051c4       0x70 d:/programmi/stm32cubeide_1.9.0/stm32cubeide/plugins/com.st.stm32cube.ide.mcu.externaltools.gnu-tools-for-stm32.10.3-2021.10.win32_1.0.0.202111181127/tools/bin/../lib/gcc/arm-none-eabi/10.3.1/../../../../arm-none-eabi/lib/thumb/v7e-m+fp/hard\libc_nano.a(lib_a-findfp.o)
                0x00000000080051c4                __sinit
 .text.__sfp    0x0000000008005234       0x8c d:/programmi/stm32cubeide_1.9.0/stm32cubeide/plugins/com.st.stm32cube.ide.mcu.externaltools.gnu-tools-for-stm32.10.3-2021.10.win32_1.0.0.202111181127/tools/bin/../lib/gcc/arm-none-eabi/10.3.1/../../../../arm-none-eabi/lib/thumb/v7e-m+fp/hard\libc_nano.a(lib_a-findfp.o)
                0x0000000008005234                __sfp
 .text.fprintf  0x00000000080052c0       0x24 d:/programmi/stm32cubeide_1.9.0/stm32cubeide/plugins/com.st.stm32cube.ide.mcu.externaltools.gnu-tools-for-stm32.10.3-2021.10.win32_1.0.0.202111181127/tools/bin/../lib/gcc/arm-none-eabi/10.3.1/../../../../arm-none-eabi/lib/thumb/v7e-m+fp/hard\libc_nano.a(lib_a-fprintf.o)
                0x00000000080052c0                fiprintf
                0x00000000080052c0                fprintf
 .text._fwalk_reent
                0x00000000080052e4       0x3e d:/programmi/stm32cubeide_1.9.0/stm32cubeide/plugins/com.st.stm32cube.ide.mcu.externaltools.gnu-tools-for-stm32.10.3-2021.10.win32_1.0.0.202111181127/tools/bin/../lib/gcc/arm-none-eabi/10.3.1/../../../../arm-none-eabi/lib/thumb/v7e-m+fp/hard\libc_nano.a(lib_a-fwalk.o)
                0x00000000080052e4                _fwalk_reent
 .text.__retarget_lock_init_recursive
                0x0000000008005322        0x2 d:/programmi/stm32cubeide_1.9.0/stm32cubeide/plugins/com.st.stm32cube.ide.mcu.externaltools.gnu-tools-for-stm32.10.3-2021.10.win32_1.0.0.202111181127/tools/bin/../lib/gcc/arm-none-eabi/10.3.1/../../../../arm-none-eabi/lib/thumb/v7e-m+fp/hard\libc_nano.a(lib_a-lock.o)
                0x0000000008005322                __retarget_lock_init_recursive
 .text.__retarget_lock_acquire_recursive
                0x0000000008005324        0x2 d:/programmi/stm32cubeide_1.9.0/stm32cubeide/plugins/com.st.stm32cube.ide.mcu.externaltools.gnu-tools-for-stm32.10.3-2021.10.win32_1.0.0.202111181127/tools/bin/../lib/gcc/arm-none-eabi/10.3.1/../../../../arm-none-eabi/lib/thumb/v7e-m+fp/hard\libc_nano.a(lib_a-lock.o)
                0x0000000008005324                __retarget_lock_acquire_recursive
 .text.__retarget_lock_release_recursive
                0x0000000008005326        0x2 d:/programmi/stm32cubeide_1.9.0/stm32cubeide/plugins/com.st.stm32cube.ide.mcu.externaltools.gnu-tools-for-stm32.10.3-2021.10.win32_1.0.0.202111181127/tools/bin/../lib/gcc/arm-none-eabi/10.3.1/../../../../arm-none-eabi/lib/thumb/v7e-m+fp/hard\libc_nano.a(lib_a-lock.o)
                0x0000000008005326                __retarget_lock_release_recursive
 .text.__swhatbuf_r
                0x0000000008005328       0x4a d:/programmi/stm32cubeide_1.9.0/stm32cubeide/plugins/com.st.stm32cube.ide.mcu.externaltools.gnu-tools-for-stm32.10.3-2021.10.win32_1.0.0.202111181127/tools/bin/../lib/gcc/arm-none-eabi/10.3.1/../../../../arm-none-eabi/lib/thumb/v7e-m+fp/hard\libc_nano.a(lib_a-makebuf.o)
                0x0000000008005328                __swhatbuf_r
 *fill*         0x0000000008005372        0x2 
 .text.__smakebuf_r
                0x0000000008005374       0x80 d:/programmi/stm32cubeide_1.9.0/stm32cubeide/plugins/com.st.stm32cube.ide.mcu.externaltools.gnu-tools-for-stm32.10.3-2021.10.win32_1.0.0.202111181127/tools/bin/../lib/gcc/arm-none-eabi/10.3.1/../../../../arm-none-eabi/lib/thumb/v7e-m+fp/hard\libc_nano.a(lib_a-makebuf.o)
                0x0000000008005374                __smakebuf_r
 .text.malloc   0x00000000080053f4       0x10 d:/programmi/stm32cubeide_1.9.0/stm32cubeide/plugins/com.st.stm32cube.ide.mcu.externaltools.gnu-tools-for-stm32.10.3-2021.10.win32_1.0.0.202111181127/tools/bin/../lib/gcc/arm-none-eabi/10.3.1/../../../../arm-none-eabi/lib/thumb/v7e-m+fp/hard\libc_nano.a(lib_a-malloc.o)
                0x00000000080053f4                malloc
 .text._free_r  0x0000000008005404       0x98 d:/programmi/stm32cubeide_1.9.0/stm32cubeide/plugins/com.st.stm32cube.ide.mcu.externaltools.gnu-tools-for-stm32.10.3-2021.10.win32_1.0.0.202111181127/tools/bin/../lib/gcc/arm-none-eabi/10.3.1/../../../../arm-none-eabi/lib/thumb/v7e-m+fp/hard\libc_nano.a(lib_a-nano-freer.o)
                0x0000000008005404                _free_r
 .text.sbrk_aligned
                0x000000000800549c       0x40 d:/programmi/stm32cubeide_1.9.0/stm32cubeide/plugins/com.st.stm32cube.ide.mcu.externaltools.gnu-tools-for-stm32.10.3-2021.10.win32_1.0.0.202111181127/tools/bin/../lib/gcc/arm-none-eabi/10.3.1/../../../../arm-none-eabi/lib/thumb/v7e-m+fp/hard\libc_nano.a(lib_a-nano-mallocr.o)
 .text._malloc_r
                0x00000000080054dc       0xe8 d:/programmi/stm32cubeide_1.9.0/stm32cubeide/plugins/com.st.stm32cube.ide.mcu.externaltools.gnu-tools-for-stm32.10.3-2021.10.win32_1.0.0.202111181127/tools/bin/../lib/gcc/arm-none-eabi/10.3.1/../../../../arm-none-eabi/lib/thumb/v7e-m+fp/hard\libc_nano.a(lib_a-nano-mallocr.o)
                0x00000000080054dc                _malloc_r
 .text.__ssputs_r
                0x00000000080055c4       0xb6 d:/programmi/stm32cubeide_1.9.0/stm32cubeide/plugins/com.st.stm32cube.ide.mcu.externaltools.gnu-tools-for-stm32.10.3-2021.10.win32_1.0.0.202111181127/tools/bin/../lib/gcc/arm-none-eabi/10.3.1/../../../../arm-none-eabi/lib/thumb/v7e-m+fp/hard\libc_nano.a(lib_a-nano-svfprintf.o)
                0x00000000080055c4                __ssputs_r
 *fill*         0x000000000800567a        0x2 
 .text._svfprintf_r
                0x000000000800567c      0x200 d:/programmi/stm32cubeide_1.9.0/stm32cubeide/plugins/com.st.stm32cube.ide.mcu.externaltools.gnu-tools-for-stm32.10.3-2021.10.win32_1.0.0.202111181127/tools/bin/../lib/gcc/arm-none-eabi/10.3.1/../../../../arm-none-eabi/lib/thumb/v7e-m+fp/hard\libc_nano.a(lib_a-nano-svfprintf.o)
                0x000000000800567c                _svfiprintf_r
                0x000000000800567c                _svfprintf_r
 .text.__sfputc_r
                0x000000000800587c       0x2e d:/programmi/stm32cubeide_1.9.0/stm32cubeide/plugins/com.st.stm32cube.ide.mcu.externaltools.gnu-tools-for-stm32.10.3-2021.10.win32_1.0.0.202111181127/tools/bin/../lib/gcc/arm-none-eabi/10.3.1/../../../../arm-none-eabi/lib/thumb/v7e-m+fp/hard\libc_nano.a(lib_a-nano-vfprintf.o)
 .text.__sfputs_r
                0x00000000080058aa       0x24 d:/programmi/stm32cubeide_1.9.0/stm32cubeide/plugins/com.st.stm32cube.ide.mcu.externaltools.gnu-tools-for-stm32.10.3-2021.10.win32_1.0.0.202111181127/tools/bin/../lib/gcc/arm-none-eabi/10.3.1/../../../../arm-none-eabi/lib/thumb/v7e-m+fp/hard\libc_nano.a(lib_a-nano-vfprintf.o)
                0x00000000080058aa                __sfputs_r
 *fill*         0x00000000080058ce        0x2 
 .text._vfprintf_r
                0x00000000080058d0      0x260 d:/programmi/stm32cubeide_1.9.0/stm32cubeide/plugins/com.st.stm32cube.ide.mcu.externaltools.gnu-tools-for-stm32.10.3-2021.10.win32_1.0.0.202111181127/tools/bin/../lib/gcc/arm-none-eabi/10.3.1/../../../../arm-none-eabi/lib/thumb/v7e-m+fp/hard\libc_nano.a(lib_a-nano-vfprintf.o)
                0x00000000080058d0                _vfprintf_r
                0x00000000080058d0                _vfiprintf_r
 .text._printf_common
                0x0000000008005b30       0xda d:/programmi/stm32cubeide_1.9.0/stm32cubeide/plugins/com.st.stm32cube.ide.mcu.externaltools.gnu-tools-for-stm32.10.3-2021.10.win32_1.0.0.202111181127/tools/bin/../lib/gcc/arm-none-eabi/10.3.1/../../../../arm-none-eabi/lib/thumb/v7e-m+fp/hard\libc_nano.a(lib_a-nano-vfprintf_i.o)
                0x0000000008005b30                _printf_common
 *fill*         0x0000000008005c0a        0x2 
 .text._printf_i
                0x0000000008005c0c      0x24c d:/programmi/stm32cubeide_1.9.0/stm32cubeide/plugins/com.st.stm32cube.ide.mcu.externaltools.gnu-tools-for-stm32.10.3-2021.10.win32_1.0.0.202111181127/tools/bin/../lib/gcc/arm-none-eabi/10.3.1/../../../../arm-none-eabi/lib/thumb/v7e-m+fp/hard\libc_nano.a(lib_a-nano-vfprintf_i.o)
                0x0000000008005c0c                _printf_i
 .text._sbrk_r  0x0000000008005e58       0x20 d:/programmi/stm32cubeide_1.9.0/stm32cubeide/plugins/com.st.stm32cube.ide.mcu.externaltools.gnu-tools-for-stm32.10.3-2021.10.win32_1.0.0.202111181127/tools/bin/../lib/gcc/arm-none-eabi/10.3.1/../../../../arm-none-eabi/lib/thumb/v7e-m+fp/hard\libc_nano.a(lib_a-sbrkr.o)
                0x0000000008005e58                _sbrk_r
 .text.__sread  0x0000000008005e78       0x22 d:/programmi/stm32cubeide_1.9.0/stm32cubeide/plugins/com.st.stm32cube.ide.mcu.externaltools.gnu-tools-for-stm32.10.3-2021.10.win32_1.0.0.202111181127/tools/bin/../lib/gcc/arm-none-eabi/10.3.1/../../../../arm-none-eabi/lib/thumb/v7e-m+fp/hard\libc_nano.a(lib_a-stdio.o)
                0x0000000008005e78                __sread
 .text.__swrite
                0x0000000008005e9a       0x38 d:/programmi/stm32cubeide_1.9.0/stm32cubeide/plugins/com.st.stm32cube.ide.mcu.externaltools.gnu-tools-for-stm32.10.3-2021.10.win32_1.0.0.202111181127/tools/bin/../lib/gcc/arm-none-eabi/10.3.1/../../../../arm-none-eabi/lib/thumb/v7e-m+fp/hard\libc_nano.a(lib_a-stdio.o)
                0x0000000008005e9a                __swrite
 .text.__sseek  0x0000000008005ed2       0x24 d:/programmi/stm32cubeide_1.9.0/stm32cubeide/plugins/com.st.stm32cube.ide.mcu.externaltools.gnu-tools-for-stm32.10.3-2021.10.win32_1.0.0.202111181127/tools/bin/../lib/gcc/arm-none-eabi/10.3.1/../../../../arm-none-eabi/lib/thumb/v7e-m+fp/hard\libc_nano.a(lib_a-stdio.o)
                0x0000000008005ed2                __sseek
 .text.__sclose
                0x0000000008005ef6        0x8 d:/programmi/stm32cubeide_1.9.0/stm32cubeide/plugins/com.st.stm32cube.ide.mcu.externaltools.gnu-tools-for-stm32.10.3-2021.10.win32_1.0.0.202111181127/tools/bin/../lib/gcc/arm-none-eabi/10.3.1/../../../../arm-none-eabi/lib/thumb/v7e-m+fp/hard\libc_nano.a(lib_a-stdio.o)
                0x0000000008005ef6                __sclose
 *fill*         0x0000000008005efe        0x2 
 .text._write_r
                0x0000000008005f00       0x24 d:/programmi/stm32cubeide_1.9.0/stm32cubeide/plugins/com.st.stm32cube.ide.mcu.externaltools.gnu-tools-for-stm32.10.3-2021.10.win32_1.0.0.202111181127/tools/bin/../lib/gcc/arm-none-eabi/10.3.1/../../../../arm-none-eabi/lib/thumb/v7e-m+fp/hard\libc_nano.a(lib_a-writer.o)
                0x0000000008005f00                _write_r
 .text.abort    0x0000000008005f24        0xe d:/programmi/stm32cubeide_1.9.0/stm32cubeide/plugins/com.st.stm32cube.ide.mcu.externaltools.gnu-tools-for-stm32.10.3-2021.10.win32_1.0.0.202111181127/tools/bin/../lib/gcc/arm-none-eabi/10.3.1/../../../../arm-none-eabi/lib/thumb/v7e-m+fp/hard\libc_nano.a(lib_a-abort.o)
                0x0000000008005f24                abort
 *fill*         0x0000000008005f32        0x2 
 .text._close_r
                0x0000000008005f34       0x20 d:/programmi/stm32cubeide_1.9.0/stm32cubeide/plugins/com.st.stm32cube.ide.mcu.externaltools.gnu-tools-for-stm32.10.3-2021.10.win32_1.0.0.202111181127/tools/bin/../lib/gcc/arm-none-eabi/10.3.1/../../../../arm-none-eabi/lib/thumb/v7e-m+fp/hard\libc_nano.a(lib_a-closer.o)
                0x0000000008005f34                _close_r
 .text._fstat_r
                0x0000000008005f54       0x24 d:/programmi/stm32cubeide_1.9.0/stm32cubeide/plugins/com.st.stm32cube.ide.mcu.externaltools.gnu-tools-for-stm32.10.3-2021.10.win32_1.0.0.202111181127/tools/bin/../lib/gcc/arm-none-eabi/10.3.1/../../../../arm-none-eabi/lib/thumb/v7e-m+fp/hard\libc_nano.a(lib_a-fstatr.o)
                0x0000000008005f54                _fstat_r
 .text._isatty_r
                0x0000000008005f78       0x20 d:/programmi/stm32cubeide_1.9.0/stm32cubeide/plugins/com.st.stm32cube.ide.mcu.externaltools.gnu-tools-for-stm32.10.3-2021.10.win32_1.0.0.202111181127/tools/bin/../lib/gcc/arm-none-eabi/10.3.1/../../../../arm-none-eabi/lib/thumb/v7e-m+fp/hard\libc_nano.a(lib_a-isattyr.o)
                0x0000000008005f78                _isatty_r
 .text._lseek_r
                0x0000000008005f98       0x24 d:/programmi/stm32cubeide_1.9.0/stm32cubeide/plugins/com.st.stm32cube.ide.mcu.externaltools.gnu-tools-for-stm32.10.3-2021.10.win32_1.0.0.202111181127/tools/bin/../lib/gcc/arm-none-eabi/10.3.1/../../../../arm-none-eabi/lib/thumb/v7e-m+fp/hard\libc_nano.a(lib_a-lseekr.o)
                0x0000000008005f98                _lseek_r
 .text.memmove  0x0000000008005fbc       0x34 d:/programmi/stm32cubeide_1.9.0/stm32cubeide/plugins/com.st.stm32cube.ide.mcu.externaltools.gnu-tools-for-stm32.10.3-2021.10.win32_1.0.0.202111181127/tools/bin/../lib/gcc/arm-none-eabi/10.3.1/../../../../arm-none-eabi/lib/thumb/v7e-m+fp/hard\libc_nano.a(lib_a-memmove.o)
                0x0000000008005fbc                memmove
 .text.__malloc_lock
                0x0000000008005ff0        0xc d:/programmi/stm32cubeide_1.9.0/stm32cubeide/plugins/com.st.stm32cube.ide.mcu.externaltools.gnu-tools-for-stm32.10.3-2021.10.win32_1.0.0.202111181127/tools/bin/../lib/gcc/arm-none-eabi/10.3.1/../../../../arm-none-eabi/lib/thumb/v7e-m+fp/hard\libc_nano.a(lib_a-mlock.o)
                0x0000000008005ff0                __malloc_lock
 .text.__malloc_unlock
                0x0000000008005ffc        0xc d:/programmi/stm32cubeide_1.9.0/stm32cubeide/plugins/com.st.stm32cube.ide.mcu.externaltools.gnu-tools-for-stm32.10.3-2021.10.win32_1.0.0.202111181127/tools/bin/../lib/gcc/arm-none-eabi/10.3.1/../../../../arm-none-eabi/lib/thumb/v7e-m+fp/hard\libc_nano.a(lib_a-mlock.o)
                0x0000000008005ffc                __malloc_unlock
 .text._realloc_r
                0x0000000008006008       0x5e d:/programmi/stm32cubeide_1.9.0/stm32cubeide/plugins/com.st.stm32cube.ide.mcu.externaltools.gnu-tools-for-stm32.10.3-2021.10.win32_1.0.0.202111181127/tools/bin/../lib/gcc/arm-none-eabi/10.3.1/../../../../arm-none-eabi/lib/thumb/v7e-m+fp/hard\libc_nano.a(lib_a-nano-reallocr.o)
                0x0000000008006008                _realloc_r
 *fill*         0x0000000008006066        0x2 
 .text._read_r  0x0000000008006068       0x24 d:/programmi/stm32cubeide_1.9.0/stm32cubeide/plugins/com.st.stm32cube.ide.mcu.externaltools.gnu-tools-for-stm32.10.3-2021.10.win32_1.0.0.202111181127/tools/bin/../lib/gcc/arm-none-eabi/10.3.1/../../../../arm-none-eabi/lib/thumb/v7e-m+fp/hard\libc_nano.a(lib_a-readr.o)
                0x0000000008006068                _read_r
 .text._raise_r
                0x000000000800608c       0x50 d:/programmi/stm32cubeide_1.9.0/stm32cubeide/plugins/com.st.stm32cube.ide.mcu.externaltools.gnu-tools-for-stm32.10.3-2021.10.win32_1.0.0.202111181127/tools/bin/../lib/gcc/arm-none-eabi/10.3.1/../../../../arm-none-eabi/lib/thumb/v7e-m+fp/hard\libc_nano.a(lib_a-signal.o)
                0x000000000800608c                _raise_r
 .text.raise    0x00000000080060dc       0x10 d:/programmi/stm32cubeide_1.9.0/stm32cubeide/plugins/com.st.stm32cube.ide.mcu.externaltools.gnu-tools-for-stm32.10.3-2021.10.win32_1.0.0.202111181127/tools/bin/../lib/gcc/arm-none-eabi/10.3.1/../../../../arm-none-eabi/lib/thumb/v7e-m+fp/hard\libc_nano.a(lib_a-signal.o)
                0x00000000080060dc                raise
 .text._kill_r  0x00000000080060ec       0x24 d:/programmi/stm32cubeide_1.9.0/stm32cubeide/plugins/com.st.stm32cube.ide.mcu.externaltools.gnu-tools-for-stm32.10.3-2021.10.win32_1.0.0.202111181127/tools/bin/../lib/gcc/arm-none-eabi/10.3.1/../../../../arm-none-eabi/lib/thumb/v7e-m+fp/hard\libc_nano.a(lib_a-signalr.o)
                0x00000000080060ec                _kill_r
 .text._getpid_r
                0x0000000008006110        0x4 d:/programmi/stm32cubeide_1.9.0/stm32cubeide/plugins/com.st.stm32cube.ide.mcu.externaltools.gnu-tools-for-stm32.10.3-2021.10.win32_1.0.0.202111181127/tools/bin/../lib/gcc/arm-none-eabi/10.3.1/../../../../arm-none-eabi/lib/thumb/v7e-m+fp/hard\libc_nano.a(lib_a-signalr.o)
                0x0000000008006110                _getpid_r
 .text._malloc_usable_size_r
                0x0000000008006114       0x10 d:/programmi/stm32cubeide_1.9.0/stm32cubeide/plugins/com.st.stm32cube.ide.mcu.externaltools.gnu-tools-for-stm32.10.3-2021.10.win32_1.0.0.202111181127/tools/bin/../lib/gcc/arm-none-eabi/10.3.1/../../../../arm-none-eabi/lib/thumb/v7e-m+fp/hard\libc_nano.a(lib_a-nano-msizer.o)
                0x0000000008006114                _malloc_usable_size_r
 *(.glue_7)
 .glue_7        0x0000000008006124        0x0 linker stubs
 *(.glue_7t)
 .glue_7t       0x0000000008006124        0x0 linker stubs
 *(.eh_frame)
 .eh_frame      0x0000000008006124        0x0 d:/programmi/stm32cubeide_1.9.0/stm32cubeide/plugins/com.st.stm32cube.ide.mcu.externaltools.gnu-tools-for-stm32.10.3-2021.10.win32_1.0.0.202111181127/tools/bin/../lib/gcc/arm-none-eabi/10.3.1/thumb/v7e-m+fp/hard/crtbegin.o
 *(.init)
 .init          0x0000000008006124        0x4 d:/programmi/stm32cubeide_1.9.0/stm32cubeide/plugins/com.st.stm32cube.ide.mcu.externaltools.gnu-tools-for-stm32.10.3-2021.10.win32_1.0.0.202111181127/tools/bin/../lib/gcc/arm-none-eabi/10.3.1/thumb/v7e-m+fp/hard/crti.o
                0x0000000008006124                _init
 .init          0x0000000008006128        0x8 d:/programmi/stm32cubeide_1.9.0/stm32cubeide/plugins/com.st.stm32cube.ide.mcu.externaltools.gnu-tools-for-stm32.10.3-2021.10.win32_1.0.0.202111181127/tools/bin/../lib/gcc/arm-none-eabi/10.3.1/thumb/v7e-m+fp/hard/crtn.o
 *(.fini)
 .fini          0x0000000008006130        0x4 d:/programmi/stm32cubeide_1.9.0/stm32cubeide/plugins/com.st.stm32cube.ide.mcu.externaltools.gnu-tools-for-stm32.10.3-2021.10.win32_1.0.0.202111181127/tools/bin/../lib/gcc/arm-none-eabi/10.3.1/thumb/v7e-m+fp/hard/crti.o
                0x0000000008006130                _fini
 .fini          0x0000000008006134        0x8 d:/programmi/stm32cubeide_1.9.0/stm32cubeide/plugins/com.st.stm32cube.ide.mcu.externaltools.gnu-tools-for-stm32.10.3-2021.10.win32_1.0.0.202111181127/tools/bin/../lib/gcc/arm-none-eabi/10.3.1/thumb/v7e-m+fp/hard/crtn.o
                0x0000000008006140                . = ALIGN (0x8)
 *fill*         0x000000000800613c        0x4 
                0x0000000008006140                _etext = .

.vfp11_veneer   0x0000000008006140        0x0
 .vfp11_veneer  0x0000000008006140        0x0 linker stubs

.v4_bx          0x0000000008006140        0x0
 .v4_bx         0x0000000008006140        0x0 linker stubs

.iplt           0x0000000008006140        0x0
 .iplt          0x0000000008006140        0x0 d:/programmi/stm32cubeide_1.9.0/stm32cubeide/plugins/com.st.stm32cube.ide.mcu.externaltools.gnu-tools-for-stm32.10.3-2021.10.win32_1.0.0.202111181127/tools/bin/../lib/gcc/arm-none-eabi/10.3.1/thumb/v7e-m+fp/hard/crtbegin.o

.rodata         0x0000000008006140      0xea0
                0x0000000008006140                . = ALIGN (0x8)
 *(.rodata)
 .rodata        0x0000000008006140       0x48 ./Drivers/CMSIS/system_stm32l4xx.o
                0x0000000008006140                MSIRangeTable
                0x0000000008006170                AHBPrescTable
                0x0000000008006180                APBPrescTable
 .rodata        0x0000000008006188       0x10 ./Drivers/STM32L4xx_HAL_Driver/stm32l4xx_hal_uart.o
 *(.rodata*)
 .rodata.str1.1
                0x0000000008006198      0x892 ./Application/User/main.o
                                        0x893 (size before relaxing)
 .rodata.str1.1
                0x0000000008006a2a      0x46b ./Application/WIFI/es_wifi.o
                                        0x485 (size before relaxing)
 *fill*         0x0000000008006e95        0x3 
 .rodata._global_impure_ptr
                0x0000000008006e98        0x4 d:/programmi/stm32cubeide_1.9.0/stm32cubeide/plugins/com.st.stm32cube.ide.mcu.externaltools.gnu-tools-for-stm32.10.3-2021.10.win32_1.0.0.202111181127/tools/bin/../lib/gcc/arm-none-eabi/10.3.1/../../../../arm-none-eabi/lib/thumb/v7e-m+fp/hard\libc_nano.a(lib_a-impure.o)
                0x0000000008006e98                _global_impure_ptr
 .rodata.strtok.str1.1
                0x0000000008006e9c       0x74 d:/programmi/stm32cubeide_1.9.0/stm32cubeide/plugins/com.st.stm32cube.ide.mcu.externaltools.gnu-tools-for-stm32.10.3-2021.10.win32_1.0.0.202111181127/tools/bin/../lib/gcc/arm-none-eabi/10.3.1/../../../../arm-none-eabi/lib/thumb/v7e-m+fp/hard\libc_nano.a(lib_a-strtok.o)
 .rodata.__assert_func.str1.1
                0x0000000008006f10       0x3c d:/programmi/stm32cubeide_1.9.0/stm32cubeide/plugins/com.st.stm32cube.ide.mcu.externaltools.gnu-tools-for-stm32.10.3-2021.10.win32_1.0.0.202111181127/tools/bin/../lib/gcc/arm-none-eabi/10.3.1/../../../../arm-none-eabi/lib/thumb/v7e-m+fp/hard\libc_nano.a(lib_a-assert.o)
                                         0x3d (size before relaxing)
 .rodata.__sf_fake_stderr
                0x0000000008006f4c       0x20 d:/programmi/stm32cubeide_1.9.0/stm32cubeide/plugins/com.st.stm32cube.ide.mcu.externaltools.gnu-tools-for-stm32.10.3-2021.10.win32_1.0.0.202111181127/tools/bin/../lib/gcc/arm-none-eabi/10.3.1/../../../../arm-none-eabi/lib/thumb/v7e-m+fp/hard\libc_nano.a(lib_a-findfp.o)
                0x0000000008006f4c                __sf_fake_stderr
 .rodata.__sf_fake_stdin
                0x0000000008006f6c       0x20 d:/programmi/stm32cubeide_1.9.0/stm32cubeide/plugins/com.st.stm32cube.ide.mcu.externaltools.gnu-tools-for-stm32.10.3-2021.10.win32_1.0.0.202111181127/tools/bin/../lib/gcc/arm-none-eabi/10.3.1/../../../../arm-none-eabi/lib/thumb/v7e-m+fp/hard\libc_nano.a(lib_a-findfp.o)
                0x0000000008006f6c                __sf_fake_stdin
 .rodata.__sf_fake_stdout
                0x0000000008006f8c       0x20 d:/programmi/stm32cubeide_1.9.0/stm32cubeide/plugins/com.st.stm32cube.ide.mcu.externaltools.gnu-tools-for-stm32.10.3-2021.10.win32_1.0.0.202111181127/tools/bin/../lib/gcc/arm-none-eabi/10.3.1/../../../../arm-none-eabi/lib/thumb/v7e-m+fp/hard\libc_nano.a(lib_a-findfp.o)
                0x0000000008006f8c                __sf_fake_stdout
 .rodata._svfprintf_r.str1.1
                0x0000000008006fac       0x11 d:/programmi/stm32cubeide_1.9.0/stm32cubeide/plugins/com.st.stm32cube.ide.mcu.externaltools.gnu-tools-for-stm32.10.3-2021.10.win32_1.0.0.202111181127/tools/bin/../lib/gcc/arm-none-eabi/10.3.1/../../../../arm-none-eabi/lib/thumb/v7e-m+fp/hard\libc_nano.a(lib_a-nano-svfprintf.o)
 .rodata._vfprintf_r.str1.1
                0x0000000008006fbd       0x11 d:/programmi/stm32cubeide_1.9.0/stm32cubeide/plugins/com.st.stm32cube.ide.mcu.externaltools.gnu-tools-for-stm32.10.3-2021.10.win32_1.0.0.202111181127/tools/bin/../lib/gcc/arm-none-eabi/10.3.1/../../../../arm-none-eabi/lib/thumb/v7e-m+fp/hard\libc_nano.a(lib_a-nano-vfprintf.o)
 .rodata._printf_i.str1.1
                0x0000000008006fbd       0x22 d:/programmi/stm32cubeide_1.9.0/stm32cubeide/plugins/com.st.stm32cube.ide.mcu.externaltools.gnu-tools-for-stm32.10.3-2021.10.win32_1.0.0.202111181127/tools/bin/../lib/gcc/arm-none-eabi/10.3.1/../../../../arm-none-eabi/lib/thumb/v7e-m+fp/hard\libc_nano.a(lib_a-nano-vfprintf_i.o)
                0x0000000008006fe0                . = ALIGN (0x8)
 *fill*         0x0000000008006fdf        0x1 

.ARM.extab      0x0000000008006fe0        0x0
                0x0000000008006fe0                . = ALIGN (0x8)
 *(.ARM.extab* .gnu.linkonce.armextab.*)
                0x0000000008006fe0                . = ALIGN (0x8)

.ARM            0x0000000008006fe0        0x8
                0x0000000008006fe0                . = ALIGN (0x8)
                0x0000000008006fe0                __exidx_start = .
 *(.ARM.exidx*)
 .ARM.exidx     0x0000000008006fe0        0x8 d:/programmi/stm32cubeide_1.9.0/stm32cubeide/plugins/com.st.stm32cube.ide.mcu.externaltools.gnu-tools-for-stm32.10.3-2021.10.win32_1.0.0.202111181127/tools/bin/../lib/gcc/arm-none-eabi/10.3.1/thumb/v7e-m+fp/hard\libgcc.a(_udivmoddi4.o)
                0x0000000008006fe8                __exidx_end = .
                0x0000000008006fe8                . = ALIGN (0x8)

.rel.dyn        0x0000000008006fe8        0x0
 .rel.iplt      0x0000000008006fe8        0x0 d:/programmi/stm32cubeide_1.9.0/stm32cubeide/plugins/com.st.stm32cube.ide.mcu.externaltools.gnu-tools-for-stm32.10.3-2021.10.win32_1.0.0.202111181127/tools/bin/../lib/gcc/arm-none-eabi/10.3.1/thumb/v7e-m+fp/hard/crtbegin.o

.preinit_array  0x0000000008006fe8        0x0
                0x0000000008006fe8                . = ALIGN (0x8)
                0x0000000008006fe8                PROVIDE (__preinit_array_start = .)
 *(.preinit_array*)
                0x0000000008006fe8                PROVIDE (__preinit_array_end = .)
                0x0000000008006fe8                . = ALIGN (0x8)

.init_array     0x0000000008006fe8        0x8
                0x0000000008006fe8                . = ALIGN (0x8)
                0x0000000008006fe8                PROVIDE (__init_array_start = .)
 *(SORT_BY_NAME(.init_array.*))
 *(.init_array*)
 .init_array    0x0000000008006fe8        0x4 d:/programmi/stm32cubeide_1.9.0/stm32cubeide/plugins/com.st.stm32cube.ide.mcu.externaltools.gnu-tools-for-stm32.10.3-2021.10.win32_1.0.0.202111181127/tools/bin/../lib/gcc/arm-none-eabi/10.3.1/thumb/v7e-m+fp/hard/crtbegin.o
                0x0000000008006fec                PROVIDE (__init_array_end = .)
                0x0000000008006ff0                . = ALIGN (0x8)
 *fill*         0x0000000008006fec        0x4 

.fini_array     0x0000000008006ff0        0x8
                0x0000000008006ff0                . = ALIGN (0x8)
                [!provide]                        PROVIDE (__fini_array_start = .)
 *(SORT_BY_NAME(.fini_array.*))
 *(.fini_array*)
 .fini_array    0x0000000008006ff0        0x4 d:/programmi/stm32cubeide_1.9.0/stm32cubeide/plugins/com.st.stm32cube.ide.mcu.externaltools.gnu-tools-for-stm32.10.3-2021.10.win32_1.0.0.202111181127/tools/bin/../lib/gcc/arm-none-eabi/10.3.1/thumb/v7e-m+fp/hard/crtbegin.o
                [!provide]                        PROVIDE (__fini_array_end = .)
                0x0000000008006ff8                . = ALIGN (0x8)
 *fill*         0x0000000008006ff4        0x4 
                0x0000000008006ff8                _sidata = LOADADDR (.data)

.data           0x0000000020000000       0xa0 load address 0x0000000008006ff8
                0x0000000020000000                . = ALIGN (0x8)
                0x0000000020000000                _sdata = .
 *(.data)
 .data          0x0000000020000000       0x14 ./Drivers/BSP/B-L475E-IOT01/stm32l475e_iot01.o
                0x0000000020000000                GPIO_PORT
                0x0000000020000004                BUTTON_PORT
                0x0000000020000008                COM_TX_PORT
                0x000000002000000c                COM_RX_PORT
                0x0000000020000010                COM_USART
 .data          0x0000000020000014       0x1c ./Drivers/BSP/hts221.o
                0x0000000020000014                HTS221_T_Drv
                0x0000000020000024                HTS221_H_Drv
 .data          0x0000000020000030        0x4 ./Drivers/CMSIS/system_stm32l4xx.o
                0x0000000020000030                SystemCoreClock
 .data          0x0000000020000034        0x8 ./Drivers/STM32L4xx_HAL_Driver/stm32l4xx_hal.o
                0x0000000020000034                uwTickFreq
                0x0000000020000038                uwTickPrio
 *(.data*)
 .data._impure_ptr
                0x000000002000003c        0x4 d:/programmi/stm32cubeide_1.9.0/stm32cubeide/plugins/com.st.stm32cube.ide.mcu.externaltools.gnu-tools-for-stm32.10.3-2021.10.win32_1.0.0.202111181127/tools/bin/../lib/gcc/arm-none-eabi/10.3.1/../../../../arm-none-eabi/lib/thumb/v7e-m+fp/hard\libc_nano.a(lib_a-impure.o)
                0x000000002000003c                _impure_ptr
 .data.impure_data
                0x0000000020000040       0x60 d:/programmi/stm32cubeide_1.9.0/stm32cubeide/plugins/com.st.stm32cube.ide.mcu.externaltools.gnu-tools-for-stm32.10.3-2021.10.win32_1.0.0.202111181127/tools/bin/../lib/gcc/arm-none-eabi/10.3.1/../../../../arm-none-eabi/lib/thumb/v7e-m+fp/hard\libc_nano.a(lib_a-impure.o)
                0x00000000200000a0                . = ALIGN (0x8)
                0x00000000200000a0                _edata = .

.igot.plt       0x00000000200000a0        0x0 load address 0x0000000008007098
 .igot.plt      0x00000000200000a0        0x0 d:/programmi/stm32cubeide_1.9.0/stm32cubeide/plugins/com.st.stm32cube.ide.mcu.externaltools.gnu-tools-for-stm32.10.3-2021.10.win32_1.0.0.202111181127/tools/bin/../lib/gcc/arm-none-eabi/10.3.1/thumb/v7e-m+fp/hard/crtbegin.o
                0x00000000200000a0                . = ALIGN (0x4)

.bss            0x00000000200000a0     0x1294 load address 0x0000000008007098
                0x00000000200000a0                _sbss = .
                0x00000000200000a0                __bss_start__ = _sbss
 *(.bss)
 .bss           0x00000000200000a0       0x1c d:/programmi/stm32cubeide_1.9.0/stm32cubeide/plugins/com.st.stm32cube.ide.mcu.externaltools.gnu-tools-for-stm32.10.3-2021.10.win32_1.0.0.202111181127/tools/bin/../lib/gcc/arm-none-eabi/10.3.1/thumb/v7e-m+fp/hard/crtbegin.o
 .bss           0x00000000200000bc      0x808 ./Application/User/main.o
 .bss           0x00000000200008c4        0x4 ./Application/WIFI/es_wifi.o
                0x00000000200008c4                issue15
 .bss           0x00000000200008c8       0x74 ./Application/WIFI/es_wifi_io.o
                0x00000000200008d0                hspi
 .bss           0x000000002000093c      0x900 ./Application/WIFI/wifi.o
                0x000000002000093c                EsWifiObj
 .bss           0x000000002000123c       0xd8 ./Drivers/BSP/B-L475E-IOT01/stm32l475e_iot01.o
                0x000000002000123c                hI2cHandler
                0x0000000020001290                hDiscoUart
 .bss           0x0000000020001314        0x4 ./Drivers/BSP/B-L475E-IOT01/stm32l475e_iot01_tsensor.o
 .bss           0x0000000020001318        0x4 ./Drivers/STM32L4xx_HAL_Driver/stm32l4xx_hal.o
                0x0000000020001318                uwTick
 .bss           0x000000002000131c        0x8 ./SW4STM32/syscalls.o
                0x0000000020001320                __env
 *(.bss*)
 .bss.__lock___malloc_recursive_mutex
                0x0000000020001324        0x1 d:/programmi/stm32cubeide_1.9.0/stm32cubeide/plugins/com.st.stm32cube.ide.mcu.externaltools.gnu-tools-for-stm32.10.3-2021.10.win32_1.0.0.202111181127/tools/bin/../lib/gcc/arm-none-eabi/10.3.1/../../../../arm-none-eabi/lib/thumb/v7e-m+fp/hard\libc_nano.a(lib_a-lock.o)
                0x0000000020001324                __lock___malloc_recursive_mutex
 .bss.__lock___sfp_recursive_mutex
                0x0000000020001325        0x1 d:/programmi/stm32cubeide_1.9.0/stm32cubeide/plugins/com.st.stm32cube.ide.mcu.externaltools.gnu-tools-for-stm32.10.3-2021.10.win32_1.0.0.202111181127/tools/bin/../lib/gcc/arm-none-eabi/10.3.1/../../../../arm-none-eabi/lib/thumb/v7e-m+fp/hard\libc_nano.a(lib_a-lock.o)
                0x0000000020001325                __lock___sfp_recursive_mutex
 .bss.__lock___sinit_recursive_mutex
                0x0000000020001326        0x1 d:/programmi/stm32cubeide_1.9.0/stm32cubeide/plugins/com.st.stm32cube.ide.mcu.externaltools.gnu-tools-for-stm32.10.3-2021.10.win32_1.0.0.202111181127/tools/bin/../lib/gcc/arm-none-eabi/10.3.1/../../../../arm-none-eabi/lib/thumb/v7e-m+fp/hard\libc_nano.a(lib_a-lock.o)
                0x0000000020001326                __lock___sinit_recursive_mutex
 *fill*         0x0000000020001327        0x1 
 .bss.__malloc_free_list
                0x0000000020001328        0x4 d:/programmi/stm32cubeide_1.9.0/stm32cubeide/plugins/com.st.stm32cube.ide.mcu.externaltools.gnu-tools-for-stm32.10.3-2021.10.win32_1.0.0.202111181127/tools/bin/../lib/gcc/arm-none-eabi/10.3.1/../../../../arm-none-eabi/lib/thumb/v7e-m+fp/hard\libc_nano.a(lib_a-nano-mallocr.o)
                0x0000000020001328                __malloc_free_list
 .bss.__malloc_sbrk_start
                0x000000002000132c        0x4 d:/programmi/stm32cubeide_1.9.0/stm32cubeide/plugins/com.st.stm32cube.ide.mcu.externaltools.gnu-tools-for-stm32.10.3-2021.10.win32_1.0.0.202111181127/tools/bin/../lib/gcc/arm-none-eabi/10.3.1/../../../../arm-none-eabi/lib/thumb/v7e-m+fp/hard\libc_nano.a(lib_a-nano-mallocr.o)
                0x000000002000132c                __malloc_sbrk_start
 .bss.errno     0x0000000020001330        0x4 d:/programmi/stm32cubeide_1.9.0/stm32cubeide/plugins/com.st.stm32cube.ide.mcu.externaltools.gnu-tools-for-stm32.10.3-2021.10.win32_1.0.0.202111181127/tools/bin/../lib/gcc/arm-none-eabi/10.3.1/../../../../arm-none-eabi/lib/thumb/v7e-m+fp/hard\libc_nano.a(lib_a-reent.o)
                0x0000000020001330                errno
 *(COMMON)
                0x0000000020001334                . = ALIGN (0x4)
                0x0000000020001334                _ebss = .
                0x0000000020001334                __bss_end__ = _ebss

._user_heap_stack
                0x0000000020001334    0x16804 load address 0x0000000008007098
                0x0000000020001338                . = ALIGN (0x8)
 *fill*         0x0000000020001334        0x4 
                0x0000000020001338                PROVIDE (end = .)
                [!provide]                        PROVIDE (_end = .)
                0x0000000020011338                . = (. + _Min_Heap_Size)
 *fill*         0x0000000020001338    0x10000 
                0x0000000020017b38                . = (. + _Min_Stack_Size)
 *fill*         0x0000000020011338     0x6800 
                0x0000000020017b38                . = ALIGN (0x8)

/DISCARD/
 libc.a(*)
 libm.a(*)
 libgcc.a(*)

.ARM.attributes
                0x0000000000000000       0x30
 *(.ARM.attributes)
 .ARM.attributes
                0x0000000000000000       0x1e d:/programmi/stm32cubeide_1.9.0/stm32cubeide/plugins/com.st.stm32cube.ide.mcu.externaltools.gnu-tools-for-stm32.10.3-2021.10.win32_1.0.0.202111181127/tools/bin/../lib/gcc/arm-none-eabi/10.3.1/thumb/v7e-m+fp/hard/crti.o
 .ARM.attributes
                0x000000000000001e       0x34 d:/programmi/stm32cubeide_1.9.0/stm32cubeide/plugins/com.st.stm32cube.ide.mcu.externaltools.gnu-tools-for-stm32.10.3-2021.10.win32_1.0.0.202111181127/tools/bin/../lib/gcc/arm-none-eabi/10.3.1/thumb/v7e-m+fp/hard/crtbegin.o
 .ARM.attributes
                0x0000000000000052       0x34 ./Application/User/main.o
 .ARM.attributes
                0x0000000000000086       0x34 ./Application/User/stm32l4xx_it.o
 .ARM.attributes
                0x00000000000000ba       0x34 ./Application/WIFI/es_wifi.o
 .ARM.attributes
                0x00000000000000ee       0x34 ./Application/WIFI/es_wifi_io.o
 .ARM.attributes
                0x0000000000000122       0x34 ./Application/WIFI/wifi.o
 .ARM.attributes
                0x0000000000000156       0x34 ./Drivers/BSP/B-L475E-IOT01/stm32l475e_iot01.o
 .ARM.attributes
                0x000000000000018a       0x34 ./Drivers/BSP/B-L475E-IOT01/stm32l475e_iot01_tsensor.o
 .ARM.attributes
                0x00000000000001be       0x34 ./Drivers/BSP/hts221.o
 .ARM.attributes
                0x00000000000001f2       0x34 ./Drivers/CMSIS/system_stm32l4xx.o
 .ARM.attributes
                0x0000000000000226       0x34 ./Drivers/STM32L4xx_HAL_Driver/stm32l4xx_hal.o
 .ARM.attributes
                0x000000000000025a       0x34 ./Drivers/STM32L4xx_HAL_Driver/stm32l4xx_hal_cortex.o
 .ARM.attributes
                0x000000000000028e       0x34 ./Drivers/STM32L4xx_HAL_Driver/stm32l4xx_hal_dma.o
 .ARM.attributes
                0x00000000000002c2       0x34 ./Drivers/STM32L4xx_HAL_Driver/stm32l4xx_hal_gpio.o
 .ARM.attributes
                0x00000000000002f6       0x34 ./Drivers/STM32L4xx_HAL_Driver/stm32l4xx_hal_i2c.o
 .ARM.attributes
                0x000000000000032a       0x34 ./Drivers/STM32L4xx_HAL_Driver/stm32l4xx_hal_i2c_ex.o
 .ARM.attributes
                0x000000000000035e       0x34 ./Drivers/STM32L4xx_HAL_Driver/stm32l4xx_hal_pwr_ex.o
 .ARM.attributes
                0x0000000000000392       0x34 ./Drivers/STM32L4xx_HAL_Driver/stm32l4xx_hal_rcc.o
 .ARM.attributes
                0x00000000000003c6       0x34 ./Drivers/STM32L4xx_HAL_Driver/stm32l4xx_hal_spi.o
 .ARM.attributes
                0x00000000000003fa       0x34 ./Drivers/STM32L4xx_HAL_Driver/stm32l4xx_hal_uart.o
 .ARM.attributes
                0x000000000000042e       0x21 ./SW4STM32/startup_stm32l475xx.o
 .ARM.attributes
                0x000000000000044f       0x34 ./SW4STM32/syscalls.o
 .ARM.attributes
                0x0000000000000483       0x34 d:/programmi/stm32cubeide_1.9.0/stm32cubeide/plugins/com.st.stm32cube.ide.mcu.externaltools.gnu-tools-for-stm32.10.3-2021.10.win32_1.0.0.202111181127/tools/bin/../lib/gcc/arm-none-eabi/10.3.1/../../../../arm-none-eabi/lib/thumb/v7e-m+fp/hard\libc_nano.a(lib_a-errno.o)
 .ARM.attributes
                0x00000000000004b7       0x34 d:/programmi/stm32cubeide_1.9.0/stm32cubeide/plugins/com.st.stm32cube.ide.mcu.externaltools.gnu-tools-for-stm32.10.3-2021.10.win32_1.0.0.202111181127/tools/bin/../lib/gcc/arm-none-eabi/10.3.1/../../../../arm-none-eabi/lib/thumb/v7e-m+fp/hard\libc_nano.a(lib_a-impure.o)
 .ARM.attributes
                0x00000000000004eb       0x34 d:/programmi/stm32cubeide_1.9.0/stm32cubeide/plugins/com.st.stm32cube.ide.mcu.externaltools.gnu-tools-for-stm32.10.3-2021.10.win32_1.0.0.202111181127/tools/bin/../lib/gcc/arm-none-eabi/10.3.1/../../../../arm-none-eabi/lib/thumb/v7e-m+fp/hard\libc_nano.a(lib_a-init.o)
 .ARM.attributes
                0x000000000000051f       0x34 d:/programmi/stm32cubeide_1.9.0/stm32cubeide/plugins/com.st.stm32cube.ide.mcu.externaltools.gnu-tools-for-stm32.10.3-2021.10.win32_1.0.0.202111181127/tools/bin/../lib/gcc/arm-none-eabi/10.3.1/../../../../arm-none-eabi/lib/thumb/v7e-m+fp/hard\libc_nano.a(lib_a-memcpy-stub.o)
 .ARM.attributes
                0x0000000000000553       0x34 d:/programmi/stm32cubeide_1.9.0/stm32cubeide/plugins/com.st.stm32cube.ide.mcu.externaltools.gnu-tools-for-stm32.10.3-2021.10.win32_1.0.0.202111181127/tools/bin/../lib/gcc/arm-none-eabi/10.3.1/../../../../arm-none-eabi/lib/thumb/v7e-m+fp/hard\libc_nano.a(lib_a-memset.o)
 .ARM.attributes
                0x0000000000000587       0x34 d:/programmi/stm32cubeide_1.9.0/stm32cubeide/plugins/com.st.stm32cube.ide.mcu.externaltools.gnu-tools-for-stm32.10.3-2021.10.win32_1.0.0.202111181127/tools/bin/../lib/gcc/arm-none-eabi/10.3.1/../../../../arm-none-eabi/lib/thumb/v7e-m+fp/hard\libc_nano.a(lib_a-printf.o)
 .ARM.attributes
                0x00000000000005bb       0x34 d:/programmi/stm32cubeide_1.9.0/stm32cubeide/plugins/com.st.stm32cube.ide.mcu.externaltools.gnu-tools-for-stm32.10.3-2021.10.win32_1.0.0.202111181127/tools/bin/../lib/gcc/arm-none-eabi/10.3.1/../../../../arm-none-eabi/lib/thumb/v7e-m+fp/hard\libc_nano.a(lib_a-puts.o)
 .ARM.attributes
                0x00000000000005ef       0x34 d:/programmi/stm32cubeide_1.9.0/stm32cubeide/plugins/com.st.stm32cube.ide.mcu.externaltools.gnu-tools-for-stm32.10.3-2021.10.win32_1.0.0.202111181127/tools/bin/../lib/gcc/arm-none-eabi/10.3.1/../../../../arm-none-eabi/lib/thumb/v7e-m+fp/hard\libc_nano.a(lib_a-sprintf.o)
 .ARM.attributes
                0x0000000000000623       0x34 d:/programmi/stm32cubeide_1.9.0/stm32cubeide/plugins/com.st.stm32cube.ide.mcu.externaltools.gnu-tools-for-stm32.10.3-2021.10.win32_1.0.0.202111181127/tools/bin/../lib/gcc/arm-none-eabi/10.3.1/../../../../arm-none-eabi/lib/thumb/v7e-m+fp/hard\libc_nano.a(lib_a-strcat.o)
 .ARM.attributes
                0x0000000000000657       0x34 d:/programmi/stm32cubeide_1.9.0/stm32cubeide/plugins/com.st.stm32cube.ide.mcu.externaltools.gnu-tools-for-stm32.10.3-2021.10.win32_1.0.0.202111181127/tools/bin/../lib/gcc/arm-none-eabi/10.3.1/../../../../arm-none-eabi/lib/thumb/v7e-m+fp/hard\libc_nano.a(lib_a-strcpy.o)
 .ARM.attributes
                0x000000000000068b       0x17 d:/programmi/stm32cubeide_1.9.0/stm32cubeide/plugins/com.st.stm32cube.ide.mcu.externaltools.gnu-tools-for-stm32.10.3-2021.10.win32_1.0.0.202111181127/tools/bin/../lib/gcc/arm-none-eabi/10.3.1/../../../../arm-none-eabi/lib/thumb/v7e-m+fp/hard\libc_nano.a(lib_a-strlen.o)
 .ARM.attributes
                0x00000000000006a2       0x34 d:/programmi/stm32cubeide_1.9.0/stm32cubeide/plugins/com.st.stm32cube.ide.mcu.externaltools.gnu-tools-for-stm32.10.3-2021.10.win32_1.0.0.202111181127/tools/bin/../lib/gcc/arm-none-eabi/10.3.1/../../../../arm-none-eabi/lib/thumb/v7e-m+fp/hard\libc_nano.a(lib_a-strncmp.o)
 .ARM.attributes
                0x00000000000006d6       0x34 d:/programmi/stm32cubeide_1.9.0/stm32cubeide/plugins/com.st.stm32cube.ide.mcu.externaltools.gnu-tools-for-stm32.10.3-2021.10.win32_1.0.0.202111181127/tools/bin/../lib/gcc/arm-none-eabi/10.3.1/../../../../arm-none-eabi/lib/thumb/v7e-m+fp/hard\libc_nano.a(lib_a-strncpy.o)
 .ARM.attributes
                0x000000000000070a       0x34 d:/programmi/stm32cubeide_1.9.0/stm32cubeide/plugins/com.st.stm32cube.ide.mcu.externaltools.gnu-tools-for-stm32.10.3-2021.10.win32_1.0.0.202111181127/tools/bin/../lib/gcc/arm-none-eabi/10.3.1/../../../../arm-none-eabi/lib/thumb/v7e-m+fp/hard\libc_nano.a(lib_a-strstr.o)
 .ARM.attributes
                0x000000000000073e       0x34 d:/programmi/stm32cubeide_1.9.0/stm32cubeide/plugins/com.st.stm32cube.ide.mcu.externaltools.gnu-tools-for-stm32.10.3-2021.10.win32_1.0.0.202111181127/tools/bin/../lib/gcc/arm-none-eabi/10.3.1/../../../../arm-none-eabi/lib/thumb/v7e-m+fp/hard\libc_nano.a(lib_a-strtok.o)
 .ARM.attributes
                0x0000000000000772       0x34 d:/programmi/stm32cubeide_1.9.0/stm32cubeide/plugins/com.st.stm32cube.ide.mcu.externaltools.gnu-tools-for-stm32.10.3-2021.10.win32_1.0.0.202111181127/tools/bin/../lib/gcc/arm-none-eabi/10.3.1/../../../../arm-none-eabi/lib/thumb/v7e-m+fp/hard\libc_nano.a(lib_a-strtok_r.o)
 .ARM.attributes
                0x00000000000007a6       0x34 d:/programmi/stm32cubeide_1.9.0/stm32cubeide/plugins/com.st.stm32cube.ide.mcu.externaltools.gnu-tools-for-stm32.10.3-2021.10.win32_1.0.0.202111181127/tools/bin/../lib/gcc/arm-none-eabi/10.3.1/../../../../arm-none-eabi/lib/thumb/v7e-m+fp/hard\libc_nano.a(lib_a-wbuf.o)
 .ARM.attributes
                0x00000000000007da       0x34 d:/programmi/stm32cubeide_1.9.0/stm32cubeide/plugins/com.st.stm32cube.ide.mcu.externaltools.gnu-tools-for-stm32.10.3-2021.10.win32_1.0.0.202111181127/tools/bin/../lib/gcc/arm-none-eabi/10.3.1/../../../../arm-none-eabi/lib/thumb/v7e-m+fp/hard\libc_nano.a(lib_a-wsetup.o)
 .ARM.attributes
                0x000000000000080e       0x34 d:/programmi/stm32cubeide_1.9.0/stm32cubeide/plugins/com.st.stm32cube.ide.mcu.externaltools.gnu-tools-for-stm32.10.3-2021.10.win32_1.0.0.202111181127/tools/bin/../lib/gcc/arm-none-eabi/10.3.1/../../../../arm-none-eabi/lib/thumb/v7e-m+fp/hard\libc_nano.a(lib_a-assert.o)
 .ARM.attributes