C:/Users/joa_a/STM32Cube/Repository/STM32Cube_FW_L4_V1.17.2/Drivers/BSP/B-L475E-IOT01/stm32l475e_iot01.c:435:13:I2Cx_Init.constprop	48	static
C:/Users/joa_a/STM32Cube/Repository/STM32Cube_FW_L4_V1.17.2/Drivers/BSP/B-L475E-IOT01/stm32l475e_iot01.c:132:10:BSP_GetVersion	0	static
C:/Users/joa_a/STM32Cube/Repository/STM32Cube_FW_L4_V1.17.2/Drivers/BSP/B-L475E-IOT01/stm32l475e_iot01.c:143:6:BSP_LED_Init	32	static
C:/Users/joa_a/STM32Cube/Repository/STM32Cube_FW_L4_V1.17.2/Drivers/BSP/B-L475E-IOT01/stm32l475e_iot01.c:157:6:BSP_Forno_Init	32	static
C:/Users/joa_a/STM32Cube/Repository/STM32Cube_FW_L4_V1.17.2/Drivers/BSP/B-L475E-IOT01/stm32l475e_iot01.c:173:6:BSP_LED_DeInit	16	static
C:/Users/joa_a/STM32Cube/Repository/STM32Cube_FW_L4_V1.17.2/Drivers/BSP/B-L475E-IOT01/stm32l475e_iot01.c:191:6:BSP_LED_On	0	static
C:/Users/joa_a/STM32Cube/Repository/STM32Cube_FW_L4_V1.17.2/Drivers/BSP/B-L475E-IOT01/stm32l475e_iot01.c:197:6:BSP_Forno_On	0	static
C:/Users/joa_a/STM32Cube/Repository/STM32Cube_FW_L4_V1.17.2/Drivers/BSP/B-L475E-IOT01/stm32l475e_iot01.c:207:6:BSP_LED_Off	0	static
C:/Users/joa_a/STM32Cube/Repository/STM32Cube_FW_L4_V1.17.2/Drivers/BSP/B-L475E-IOT01/stm32l475e_iot01.c:212:6:BSP_Forno_Off	0	static
C:/Users/joa_a/STM32Cube/Repository/STM32Cube_FW_L4_V1.17.2/Drivers/BSP/B-L475E-IOT01/stm32l475e_iot01.c:222:6:BSP_LED_Toggle	0	static
C:/Users/joa_a/STM32Cube/Repository/STM32Cube_FW_L4_V1.17.2/Drivers/BSP/B-L475E-IOT01/stm32l475e_iot01.c:238:6:BSP_PB_Init	32	static
C:/Users/joa_a/STM32Cube/Repository/STM32Cube_FW_L4_V1.17.2/Drivers/BSP/B-L475E-IOT01/stm32l475e_iot01.c:279:6:BSP_PB_DeInit	8	static
C:/Users/joa_a/STM32Cube/Repository/STM32Cube_FW_L4_V1.17.2/Drivers/BSP/B-L475E-IOT01/stm32l475e_iot01.c:296:10:BSP_PB_GetState	8	static
C:/Users/joa_a/STM32Cube/Repository/STM32Cube_FW_L4_V1.17.2/Drivers/BSP/B-L475E-IOT01/stm32l475e_iot01.c:309:6:BSP_COM_Init	56	static
C:/Users/joa_a/STM32Cube/Repository/STM32Cube_FW_L4_V1.17.2/Drivers/BSP/B-L475E-IOT01/stm32l475e_iot01.c:347:6:BSP_COM_DeInit	8	static
C:/Users/joa_a/STM32Cube/Repository/STM32Cube_FW_L4_V1.17.2/Drivers/BSP/B-L475E-IOT01/stm32l475e_iot01.c:558:6:SENSOR_IO_Init	0	static
C:/Users/joa_a/STM32Cube/Repository/STM32Cube_FW_L4_V1.17.2/Drivers/BSP/B-L475E-IOT01/stm32l475e_iot01.c:567:6:SENSOR_IO_DeInit	8	static
C:/Users/joa_a/STM32Cube/Repository/STM32Cube_FW_L4_V1.17.2/Drivers/BSP/B-L475E-IOT01/stm32l475e_iot01.c:579:6:SENSOR_IO_Write	32	static
C:/Users/joa_a/STM32Cube/Repository/STM32Cube_FW_L4_V1.17.2/Drivers/BSP/B-L475E-IOT01/stm32l475e_iot01.c:590:9:SENSOR_IO_Read	32	static
C:/Users/joa_a/STM32Cube/Repository/STM32Cube_FW_L4_V1.17.2/Drivers/BSP/B-L475E-IOT01/stm32l475e_iot01.c:608:10:SENSOR_IO_ReadMultiple	24	static
C:/Users/joa_a/STM32Cube/Repository/STM32Cube_FW_L4_V1.17.2/Drivers/BSP/B-L475E-IOT01/stm32l475e_iot01.c:622:6:SENSOR_IO_WriteMultiple	24	static
C:/Users/joa_a/STM32Cube/Repository/STM32Cube_FW_L4_V1.17.2/Drivers/BSP/B-L475E-IOT01/stm32l475e_iot01.c:634:19:SENSOR_IO_IsDeviceReady	0	static
C:/Users/joa_a/STM32Cube/Repository/STM32Cube_FW_L4_V1.17.2/Drivers/BSP/B-L475E-IOT01/stm32l475e_iot01.c:644:6:SENSOR_IO_Delay	0	static
C:/Users/joa_a/STM32Cube/Repository/STM32Cube_FW_L4_V1.17.2/Drivers/BSP/B-L475E-IOT01/stm32l475e_iot01.c:656:6:NFC_IO_Init	32	static
C:/Users/joa_a/STM32Cube/Repository/STM32Cube_FW_L4_V1.17.2/Drivers/BSP/B-L475E-IOT01/stm32l475e_iot01.c:698:6:NFC_IO_DeInit	0	static
C:/Users/joa_a/STM32Cube/Repository/STM32Cube_FW_L4_V1.17.2/Drivers/BSP/B-L475E-IOT01/stm32l475e_iot01.c:761:12:NFC_IO_IsDeviceReady	24	static
C:/Users/joa_a/STM32Cube/Repository/STM32Cube_FW_L4_V1.17.2/Drivers/BSP/B-L475E-IOT01/stm32l475e_iot01.c:710:10:NFC_IO_ReadMultiple	32	static
C:/Users/joa_a/STM32Cube/Repository/STM32Cube_FW_L4_V1.17.2/Drivers/BSP/B-L475E-IOT01/stm32l475e_iot01.c:736:11:NFC_IO_WriteMultiple	32	static
C:/Users/joa_a/STM32Cube/Repository/STM32Cube_FW_L4_V1.17.2/Drivers/BSP/B-L475E-IOT01/stm32l475e_iot01.c:789:6:NFC_IO_ReadState	8	static
C:/Users/joa_a/STM32Cube/Repository/STM32Cube_FW_L4_V1.17.2/Drivers/BSP/B-L475E-IOT01/stm32l475e_iot01.c:798:6:NFC_IO_RfDisable	0	static
C:/Users/joa_a/STM32Cube/Repository/STM32Cube_FW_L4_V1.17.2/Drivers/BSP/B-L475E-IOT01/stm32l475e_iot01.c:808:6:NFC_IO_Delay	0	static
