C:/Users/joa_a/STM32Cube/Repository/STM32Cube_FW_L4_V1.17.2/Projects/B-L475E-IOT01A/Applications/WiFi/Common/Src/es_wifi.c:117:16:ParseNumber	20	static
C:/Users/joa_a/STM32Cube/Repository/STM32Cube_FW_L4_V1.17.2/Projects/B-L475E-IOT01A/Applications/WiFi/Common/Src/es_wifi.c:167:14:ParseIP	32	static
C:/Users/joa_a/STM32Cube/Repository/STM32Cube_FW_L4_V1.17.2/Projects/B-L475E-IOT01A/Applications/WiFi/Common/Src/es_wifi.c:690:25:AT_ExecuteCommand	16	static
C:/Users/joa_a/STM32Cube/Repository/STM32Cube_FW_L4_V1.17.2/Projects/B-L475E-IOT01A/Applications/WiFi/Common/Src/es_wifi.c:740:25:AT_RequestSendData	32	static
C:/Users/joa_a/STM32Cube/Repository/STM32Cube_FW_L4_V1.17.2/Projects/B-L475E-IOT01A/Applications/WiFi/Common/Src/es_wifi.c:803:25:AT_RequestReceiveData	32	static
C:/Users/joa_a/STM32Cube/Repository/STM32Cube_FW_L4_V1.17.2/Projects/B-L475E-IOT01A/Applications/WiFi/Common/Src/es_wifi.c:186:31:ParseSecurity	8	static
C:/Users/joa_a/STM32Cube/Repository/STM32Cube_FW_L4_V1.17.2/Projects/B-L475E-IOT01A/Applications/WiFi/Common/Src/es_wifi.c:147:13:ParseMAC	20	static
C:/Users/joa_a/STM32Cube/Repository/STM32Cube_FW_L4_V1.17.2/Projects/B-L475E-IOT01A/Applications/WiFi/Common/Src/es_wifi.c:860:19:ES_WIFI_Init	32	static
C:/Users/joa_a/STM32Cube/Repository/STM32Cube_FW_L4_V1.17.2/Projects/B-L475E-IOT01A/Applications/WiFi/Common/Src/es_wifi.c:887:19:ES_WIFI_GetProductID	8	static
C:/Users/joa_a/STM32Cube/Repository/STM32Cube_FW_L4_V1.17.2/Projects/B-L475E-IOT01A/Applications/WiFi/Common/Src/es_wifi.c:899:19:ES_WIFI_GetFWRevID	8	static
C:/Users/joa_a/STM32Cube/Repository/STM32Cube_FW_L4_V1.17.2/Projects/B-L475E-IOT01A/Applications/WiFi/Common/Src/es_wifi.c:911:19:ES_WIFI_GetProductName	8	static
C:/Users/joa_a/STM32Cube/Repository/STM32Cube_FW_L4_V1.17.2/Projects/B-L475E-IOT01A/Applications/WiFi/Common/Src/es_wifi.c:923:19:ES_WIFI_GetAPIRev	8	static
C:/Users/joa_a/STM32Cube/Repository/STM32Cube_FW_L4_V1.17.2/Projects/B-L475E-IOT01A/Applications/WiFi/Common/Src/es_wifi.c:935:19:ES_WIFI_GetStackRev	8	static
C:/Users/joa_a/STM32Cube/Repository/STM32Cube_FW_L4_V1.17.2/Projects/B-L475E-IOT01A/Applications/WiFi/Common/Src/es_wifi.c:947:19:ES_WIFI_GetRTOSRev	8	static
C:/Users/joa_a/STM32Cube/Repository/STM32Cube_FW_L4_V1.17.2/Projects/B-L475E-IOT01A/Applications/WiFi/Common/Src/es_wifi.c:959:19:ES_WIFI_RegisterBusIO	12	static
C:/Users/joa_a/STM32Cube/Repository/STM32Cube_FW_L4_V1.17.2/Projects/B-L475E-IOT01A/Applications/WiFi/Common/Src/es_wifi.c:985:19:ES_WIFI_SetTimeout	0	static
C:/Users/joa_a/STM32Cube/Repository/STM32Cube_FW_L4_V1.17.2/Projects/B-L475E-IOT01A/Applications/WiFi/Common/Src/es_wifi.c:997:19:ES_WIFI_ListAccessPoints	56	static
C:/Users/joa_a/STM32Cube/Repository/STM32Cube_FW_L4_V1.17.2/Projects/B-L475E-IOT01A/Applications/WiFi/Common/Src/es_wifi.c:1079:18:ES_WIFI_Connect	24	static
C:/Users/joa_a/STM32Cube/Repository/STM32Cube_FW_L4_V1.17.2/Projects/B-L475E-IOT01A/Applications/WiFi/Common/Src/es_wifi.c:1118:9:ES_WIFI_IsConnected	8	static
C:/Users/joa_a/STM32Cube/Repository/STM32Cube_FW_L4_V1.17.2/Projects/B-L475E-IOT01A/Applications/WiFi/Common/Src/es_wifi.c:1137:18:ES_WIFI_Disconnect	8	static
C:/Users/joa_a/STM32Cube/Repository/STM32Cube_FW_L4_V1.17.2/Projects/B-L475E-IOT01A/Applications/WiFi/Common/Src/es_wifi.c:1152:18:ES_WIFI_GetNetworkSettings	32	static
C:/Users/joa_a/STM32Cube/Repository/STM32Cube_FW_L4_V1.17.2/Projects/B-L475E-IOT01A/Applications/WiFi/Common/Src/es_wifi.c:1177:18:ES_WIFI_ActivateAP	32	static
C:/Users/joa_a/STM32Cube/Repository/STM32Cube_FW_L4_V1.17.2/Projects/B-L475E-IOT01A/Applications/WiFi/Common/Src/es_wifi.c:1243:19:ES_WIFI_WaitAPStateChange	32	static
C:/Users/joa_a/STM32Cube/Repository/STM32Cube_FW_L4_V1.17.2/Projects/B-L475E-IOT01A/Applications/WiFi/Common/Src/es_wifi.c:1311:18:ES_WIFI_GetMACAddress	16	static
C:/Users/joa_a/STM32Cube/Repository/STM32Cube_FW_L4_V1.17.2/Projects/B-L475E-IOT01A/Applications/WiFi/Common/Src/es_wifi.c:1334:18:ES_WIFI_GetIPAddress	0	static
C:/Users/joa_a/STM32Cube/Repository/STM32Cube_FW_L4_V1.17.2/Projects/B-L475E-IOT01A/Applications/WiFi/Common/Src/es_wifi.c:1346:18:ES_WIFI_SetMACAddress	32	static
C:/Users/joa_a/STM32Cube/Repository/STM32Cube_FW_L4_V1.17.2/Projects/B-L475E-IOT01A/Applications/WiFi/Common/Src/es_wifi.c:1367:18:ES_WIFI_ResetToFactoryDefault	8	static
C:/Users/joa_a/STM32Cube/Repository/STM32Cube_FW_L4_V1.17.2/Projects/B-L475E-IOT01A/Applications/WiFi/Common/Src/es_wifi.c:1382:18:ES_WIFI_ResetModule	16	static
C:/Users/joa_a/STM32Cube/Repository/STM32Cube_FW_L4_V1.17.2/Projects/B-L475E-IOT01A/Applications/WiFi/Common/Src/es_wifi.c:1406:18:ES_WIFI_HardResetModule	8	static
C:/Users/joa_a/STM32Cube/Repository/STM32Cube_FW_L4_V1.17.2/Projects/B-L475E-IOT01A/Applications/WiFi/Common/Src/es_wifi.c:1421:18:ES_WIFI_SetProductName	16	static
C:/Users/joa_a/STM32Cube/Repository/STM32Cube_FW_L4_V1.17.2/Projects/B-L475E-IOT01A/Applications/WiFi/Common/Src/es_wifi.c:1506:18:ES_WIFI_GetSystemConfig	24	static
C:/Users/joa_a/STM32Cube/Repository/STM32Cube_FW_L4_V1.17.2/Projects/B-L475E-IOT01A/Applications/WiFi/Common/Src/es_wifi.c:1528:18:ES_WIFI_Ping	40	static
C:/Users/joa_a/STM32Cube/Repository/STM32Cube_FW_L4_V1.17.2/Projects/B-L475E-IOT01A/Applications/WiFi/Common/Src/es_wifi.c:1571:18:ES_WIFI_DNS_LookUp	16	static
C:/Users/joa_a/STM32Cube/Repository/STM32Cube_FW_L4_V1.17.2/Projects/B-L475E-IOT01A/Applications/WiFi/Common/Src/es_wifi.c:1596:18:ES_WIFI_StartClientConnection	24	static
C:/Users/joa_a/STM32Cube/Repository/STM32Cube_FW_L4_V1.17.2/Projects/B-L475E-IOT01A/Applications/WiFi/Common/Src/es_wifi.c:1654:18:ES_WIFI_StopClientConnection	16	static
C:/Users/joa_a/STM32Cube/Repository/STM32Cube_FW_L4_V1.17.2/Projects/B-L475E-IOT01A/Applications/WiFi/Common/Src/es_wifi.c:1742:18:ES_WIFI_StartServerSingleConn	16	static
C:/Users/joa_a/STM32Cube/Repository/STM32Cube_FW_L4_V1.17.2/Projects/B-L475E-IOT01A/Applications/WiFi/Common/Src/es_wifi.c:1808:19:ES_WIFI_WaitServerConnection	48	static
C:/Users/joa_a/STM32Cube/Repository/STM32Cube_FW_L4_V1.17.2/Projects/B-L475E-IOT01A/Applications/WiFi/Common/Src/es_wifi.c:1896:18:ES_WIFI_CloseServerConnection	16	static
C:/Users/joa_a/STM32Cube/Repository/STM32Cube_FW_L4_V1.17.2/Projects/B-L475E-IOT01A/Applications/WiFi/Common/Src/es_wifi.c:1927:18:ES_WIFI_StopServerSingleConn	16	static
C:/Users/joa_a/STM32Cube/Repository/STM32Cube_FW_L4_V1.17.2/Projects/B-L475E-IOT01A/Applications/WiFi/Common/Src/es_wifi.c:1960:18:ES_WIFI_StartServerMultiConn	16	static
C:/Users/joa_a/STM32Cube/Repository/STM32Cube_FW_L4_V1.17.2/Projects/B-L475E-IOT01A/Applications/WiFi/Common/Src/es_wifi.c:2021:18:ES_WIFI_StopServerMultiConn	32	static
C:/Users/joa_a/STM32Cube/Repository/STM32Cube_FW_L4_V1.17.2/Projects/B-L475E-IOT01A/Applications/WiFi/Common/Src/es_wifi.c:2089:18:ES_WIFI_SendData	40	static
C:/Users/joa_a/STM32Cube/Repository/STM32Cube_FW_L4_V1.17.2/Projects/B-L475E-IOT01A/Applications/WiFi/Common/Src/es_wifi.c:2151:19:ES_WIFI_SendDataTo	40	static
C:/Users/joa_a/STM32Cube/Repository/STM32Cube_FW_L4_V1.17.2/Projects/B-L475E-IOT01A/Applications/WiFi/Common/Src/es_wifi.c:2249:18:ES_WIFI_ReceiveData	40	static
C:/Users/joa_a/STM32Cube/Repository/STM32Cube_FW_L4_V1.17.2/Projects/B-L475E-IOT01A/Applications/WiFi/Common/Src/es_wifi.c:2310:19:ES_WIFI_ReceiveDataFrom	64	static
C:/Users/joa_a/STM32Cube/Repository/STM32Cube_FW_L4_V1.17.2/Projects/B-L475E-IOT01A/Applications/WiFi/Common/Src/es_wifi.c:2401:19:ES_WIFI_StoreCreds	56	static
C:/Users/joa_a/STM32Cube/Repository/STM32Cube_FW_L4_V1.17.2/Projects/B-L475E-IOT01A/Applications/WiFi/Common/Src/es_wifi.c:2439:19:ES_WIFI_StoreCA	24	static
C:/Users/joa_a/STM32Cube/Repository/STM32Cube_FW_L4_V1.17.2/Projects/B-L475E-IOT01A/Applications/WiFi/Common/Src/es_wifi.c:2463:19:ES_WIFI_StoreCertificate	24	static
C:/Users/joa_a/STM32Cube/Repository/STM32Cube_FW_L4_V1.17.2/Projects/B-L475E-IOT01A/Applications/WiFi/Common/Src/es_wifi.c:2487:19:ES_WIFI_StoreKey	24	static
