C:/Users/joa_a/STM32Cube/Repository/STM32Cube_FW_L4_V1.17.2/Projects/B-L475E-IOT01A/Applications/WiFi/Common/Src/es_wifi_io.c:446:6:SPI_WIFI_DelayUs	32	static
C:/Users/joa_a/STM32Cube/Repository/STM32Cube_FW_L4_V1.17.2/Projects/B-L475E-IOT01A/Applications/WiFi/Common/Src/es_wifi_io.c:309:5:wait_spi_tx_event.isra	16	static
C:/Users/joa_a/STM32Cube/Repository/STM32Cube_FW_L4_V1.17.2/Projects/B-L475E-IOT01A/Applications/WiFi/Common/Src/es_wifi_io.c:72:6:SPI_WIFI_MspInit	64	static
C:/Users/joa_a/STM32Cube/Repository/STM32Cube_FW_L4_V1.17.2/Projects/B-L475E-IOT01A/Applications/WiFi/Common/Src/es_wifi_io.c:201:8:SPI_WIFI_ResetModule	32	static
C:/Users/joa_a/STM32Cube/Repository/STM32Cube_FW_L4_V1.17.2/Projects/B-L475E-IOT01A/Applications/WiFi/Common/Src/es_wifi_io.c:144:8:SPI_WIFI_Init	24	static
C:/Users/joa_a/STM32Cube/Repository/STM32Cube_FW_L4_V1.17.2/Projects/B-L475E-IOT01A/Applications/WiFi/Common/Src/es_wifi_io.c:237:8:SPI_WIFI_DeInit	8	static
C:/Users/joa_a/STM32Cube/Repository/STM32Cube_FW_L4_V1.17.2/Projects/B-L475E-IOT01A/Applications/WiFi/Common/Src/es_wifi_io.c:328:9:SPI_WIFI_ReceiveData	48	static
C:/Users/joa_a/STM32Cube/Repository/STM32Cube_FW_L4_V1.17.2/Projects/B-L475E-IOT01A/Applications/WiFi/Common/Src/es_wifi_io.c:387:9:SPI_WIFI_SendData	40	static
C:/Users/joa_a/STM32Cube/Repository/STM32Cube_FW_L4_V1.17.2/Projects/B-L475E-IOT01A/Applications/WiFi/Common/Src/es_wifi_io.c:436:6:SPI_WIFI_Delay	0	static
C:/Users/joa_a/STM32Cube/Repository/STM32Cube_FW_L4_V1.17.2/Projects/B-L475E-IOT01A/Applications/WiFi/Common/Src/es_wifi_io.c:478:6:HAL_SPI_RxCpltCallback	0	static
C:/Users/joa_a/STM32Cube/Repository/STM32Cube_FW_L4_V1.17.2/Projects/B-L475E-IOT01A/Applications/WiFi/Common/Src/es_wifi_io.c:493:6:HAL_SPI_TxCpltCallback	0	static
C:/Users/joa_a/STM32Cube/Repository/STM32Cube_FW_L4_V1.17.2/Projects/B-L475E-IOT01A/Applications/WiFi/Common/Src/es_wifi_io.c:508:9:SPI_WIFI_ISR	0	static
