C:/Users/joa_a/STM32Cube/Repository/STM32Cube_FW_L4_V1.17.2/Projects/B-L475E-IOT01A/Applications/WiFi/Common/Src/wifi.c:31:15:WIFI_Init	16	static
C:/Users/joa_a/STM32Cube/Repository/STM32Cube_FW_L4_V1.17.2/Projects/B-L475E-IOT01A/Applications/WiFi/Common/Src/wifi.c:56:15:WIFI_ListAccessPoints	496	static
C:/Users/joa_a/STM32Cube/Repository/STM32Cube_FW_L4_V1.17.2/Projects/B-L475E-IOT01A/Applications/WiFi/Common/Src/wifi.c:92:15:WIFI_Connect	8	static
C:/Users/joa_a/STM32Cube/Repository/STM32Cube_FW_L4_V1.17.2/Projects/B-L475E-IOT01A/Applications/WiFi/Common/Src/wifi.c:113:15:WIFI_GetMAC_Address	8	static
C:/Users/joa_a/STM32Cube/Repository/STM32Cube_FW_L4_V1.17.2/Projects/B-L475E-IOT01A/Applications/WiFi/Common/Src/wifi.c:128:15:WIFI_GetIP_Address	16	static
C:/Users/joa_a/STM32Cube/Repository/STM32Cube_FW_L4_V1.17.2/Projects/B-L475E-IOT01A/Applications/WiFi/Common/Src/wifi.c:145:15:WIFI_Disconnect	8	static
C:/Users/joa_a/STM32Cube/Repository/STM32Cube_FW_L4_V1.17.2/Projects/B-L475E-IOT01A/Applications/WiFi/Common/Src/wifi.c:166:15:WIFI_ConfigureAP	88	static
C:/Users/joa_a/STM32Cube/Repository/STM32Cube_FW_L4_V1.17.2/Projects/B-L475E-IOT01A/Applications/WiFi/Common/Src/wifi.c:203:15:WIFI_HandleAPEvents	16	static
C:/Users/joa_a/STM32Cube/Repository/STM32Cube_FW_L4_V1.17.2/Projects/B-L475E-IOT01A/Applications/WiFi/Common/Src/wifi.c:240:15:WIFI_Ping	16	static
C:/Users/joa_a/STM32Cube/Repository/STM32Cube_FW_L4_V1.17.2/Projects/B-L475E-IOT01A/Applications/WiFi/Common/Src/wifi.c:257:15:WIFI_GetHostAddress	8	static
C:/Users/joa_a/STM32Cube/Repository/STM32Cube_FW_L4_V1.17.2/Projects/B-L475E-IOT01A/Applications/WiFi/Common/Src/wifi.c:277:15:WIFI_OpenClientConnection	32	static
C:/Users/joa_a/STM32Cube/Repository/STM32Cube_FW_L4_V1.17.2/Projects/B-L475E-IOT01A/Applications/WiFi/Common/Src/wifi.c:301:15:WIFI_CloseClientConnection	32	static
C:/Users/joa_a/STM32Cube/Repository/STM32Cube_FW_L4_V1.17.2/Projects/B-L475E-IOT01A/Applications/WiFi/Common/Src/wifi.c:321:15:WIFI_StartServer	32	static
C:/Users/joa_a/STM32Cube/Repository/STM32Cube_FW_L4_V1.17.2/Projects/B-L475E-IOT01A/Applications/WiFi/Common/Src/wifi.c:341:15:WIFI_WaitServerConnection	40	static
C:/Users/joa_a/STM32Cube/Repository/STM32Cube_FW_L4_V1.17.2/Projects/B-L475E-IOT01A/Applications/WiFi/Common/Src/wifi.c:377:15:WIFI_CloseServerConnection	8	static
C:/Users/joa_a/STM32Cube/Repository/STM32Cube_FW_L4_V1.17.2/Projects/B-L475E-IOT01A/Applications/WiFi/Common/Src/wifi.c:392:15:WIFI_StopServer	8	static
C:/Users/joa_a/STM32Cube/Repository/STM32Cube_FW_L4_V1.17.2/Projects/B-L475E-IOT01A/Applications/WiFi/Common/Src/wifi.c:411:15:WIFI_SendData	16	static
C:/Users/joa_a/STM32Cube/Repository/STM32Cube_FW_L4_V1.17.2/Projects/B-L475E-IOT01A/Applications/WiFi/Common/Src/wifi.c:433:15:WIFI_SendDataTo	24	static
C:/Users/joa_a/STM32Cube/Repository/STM32Cube_FW_L4_V1.17.2/Projects/B-L475E-IOT01A/Applications/WiFi/Common/Src/wifi.c:453:15:WIFI_ReceiveData	16	static
C:/Users/joa_a/STM32Cube/Repository/STM32Cube_FW_L4_V1.17.2/Projects/B-L475E-IOT01A/Applications/WiFi/Common/Src/wifi.c:474:15:WIFI_ReceiveDataFrom	24	static
C:/Users/joa_a/STM32Cube/Repository/STM32Cube_FW_L4_V1.17.2/Projects/B-L475E-IOT01A/Applications/WiFi/Common/Src/wifi.c:491:15:WIFI_SetOEMProperties	8	static
C:/Users/joa_a/STM32Cube/Repository/STM32Cube_FW_L4_V1.17.2/Projects/B-L475E-IOT01A/Applications/WiFi/Common/Src/wifi.c:509:15:WIFI_ResetModule	8	static
C:/Users/joa_a/STM32Cube/Repository/STM32Cube_FW_L4_V1.17.2/Projects/B-L475E-IOT01A/Applications/WiFi/Common/Src/wifi.c:524:15:WIFI_SetModuleDefault	8	static
C:/Users/joa_a/STM32Cube/Repository/STM32Cube_FW_L4_V1.17.2/Projects/B-L475E-IOT01A/Applications/WiFi/Common/Src/wifi.c:541:15:WIFI_ModuleFirmwareUpdate	0	static
C:/Users/joa_a/STM32Cube/Repository/STM32Cube_FW_L4_V1.17.2/Projects/B-L475E-IOT01A/Applications/WiFi/Common/Src/wifi.c:551:15:WIFI_GetModuleFwRevision	8	static
C:/Users/joa_a/STM32Cube/Repository/STM32Cube_FW_L4_V1.17.2/Projects/B-L475E-IOT01A/Applications/WiFi/Common/Src/wifi.c:568:15:WIFI_GetModuleID	8	static
C:/Users/joa_a/STM32Cube/Repository/STM32Cube_FW_L4_V1.17.2/Projects/B-L475E-IOT01A/Applications/WiFi/Common/Src/wifi.c:585:15:WIFI_GetModuleName	8	static
